Component: ARM Compiler 5.05 update 1 (build 106) Tool: armlink [4d0efa]

==============================================================================

Section Cross References

    main.o(.text) refers to delay.o(.text) for delay_init
    main.o(.text) refers to sys.o(.text) for NVIC_Configuration
    main.o(.text) refers to timer.o(.text) for UserNVIC_Configuration
    main.o(.text) refers to gpio.o(.text) for GPIO_Configuration
    main.o(.text) refers to usart.o(.text) for uart_init
    main.o(.text) refers to com_data.o(.text) for uart3_init
    main.o(.text) refers to adc.o(.text) for Adc_Init
    main.o(.text) refers to motor_and_encoder.o(.data) for stepmotorDis
    main.o(.text) refers to com_data.o(.data) for arg1
    system_stm32f10x.o(.text) refers to system_stm32f10x.o(.data) for SystemCoreClock
    startup_stm32f10x_hd.o(STACK) refers (Special) to heapauxi.o(.text) for __use_two_region_memory
    startup_stm32f10x_hd.o(HEAP) refers (Special) to heapauxi.o(.text) for __use_two_region_memory
    startup_stm32f10x_hd.o(RESET) refers (Special) to heapauxi.o(.text) for __use_two_region_memory
    startup_stm32f10x_hd.o(RESET) refers to startup_stm32f10x_hd.o(STACK) for __initial_sp
    startup_stm32f10x_hd.o(RESET) refers to startup_stm32f10x_hd.o(.text) for Reset_Handler
    startup_stm32f10x_hd.o(RESET) refers to stm32f10x_it.o(.text) for NMI_Handler
    startup_stm32f10x_hd.o(RESET) refers to timer.o(.text) for TIM2_IRQHandler
    startup_stm32f10x_hd.o(RESET) refers to motor_and_encoder.o(.text) for TIM3_IRQHandler
    startup_stm32f10x_hd.o(RESET) refers to usart.o(.text) for USART1_IRQHandler
    startup_stm32f10x_hd.o(RESET) refers to com_data.o(.text) for USART3_IRQHandler
    startup_stm32f10x_hd.o(.text) refers (Special) to heapauxi.o(.text) for __use_two_region_memory
    startup_stm32f10x_hd.o(.text) refers to system_stm32f10x.o(.text) for SystemInit
    startup_stm32f10x_hd.o(.text) refers to __main.o(!!!main) for __main
    startup_stm32f10x_hd.o(.text) refers to startup_stm32f10x_hd.o(HEAP) for Heap_Mem
    startup_stm32f10x_hd.o(.text) refers to startup_stm32f10x_hd.o(STACK) for Stack_Mem
    stm32f10x_adc.o(.text) refers to stm32f10x_rcc.o(.text) for RCC_APB2PeriphResetCmd
    stm32f10x_bkp.o(.text) refers to stm32f10x_rcc.o(.text) for RCC_BackupResetCmd
    stm32f10x_can.o(.text) refers to stm32f10x_rcc.o(.text) for RCC_APB1PeriphResetCmd
    stm32f10x_cec.o(.text) refers to stm32f10x_rcc.o(.text) for RCC_APB1PeriphResetCmd
    stm32f10x_dac.o(.text) refers to stm32f10x_rcc.o(.text) for RCC_APB1PeriphResetCmd
    stm32f10x_gpio.o(.text) refers to stm32f10x_rcc.o(.text) for RCC_APB2PeriphResetCmd
    stm32f10x_i2c.o(.text) refers to stm32f10x_rcc.o(.text) for RCC_APB1PeriphResetCmd
    stm32f10x_pwr.o(.text) refers to stm32f10x_rcc.o(.text) for RCC_APB1PeriphResetCmd
    stm32f10x_rcc.o(.text) refers to stm32f10x_rcc.o(.data) for APBAHBPrescTable
    stm32f10x_spi.o(.text) refers to stm32f10x_rcc.o(.text) for RCC_APB2PeriphResetCmd
    stm32f10x_tim.o(.text) refers to stm32f10x_rcc.o(.text) for RCC_APB2PeriphResetCmd
    stm32f10x_usart.o(.text) refers to stm32f10x_rcc.o(.text) for RCC_APB2PeriphResetCmd
    stm32f10x_wwdg.o(.text) refers to stm32f10x_rcc.o(.text) for RCC_APB1PeriphResetCmd
    delay.o(.text) refers to misc.o(.text) for SysTick_CLKSourceConfig
    delay.o(.text) refers to system_stm32f10x.o(.data) for SystemCoreClock
    delay.o(.text) refers to delay.o(.data) for fac_us
    sys.o(.text) refers to misc.o(.text) for NVIC_PriorityGroupConfig
    usart.o(.text) refers (Special) to use_no_semi_2.o(.text) for __use_no_semihosting
    usart.o(.text) refers to stm32f10x_rcc.o(.text) for RCC_APB2PeriphClockCmd
    usart.o(.text) refers to stm32f10x_gpio.o(.text) for GPIO_Init
    usart.o(.text) refers to misc.o(.text) for NVIC_Init
    usart.o(.text) refers to stm32f10x_usart.o(.text) for USART_Init
    usart.o(.text) refers to usart.o(.data) for USART_RX_STA
    usart.o(.text) refers to usart.o(.bss) for USART_RX_BUF
    usart.o(.bss) refers (Special) to use_no_semi_2.o(.text) for __use_no_semihosting
    usart.o(.data) refers (Special) to use_no_semi_2.o(.text) for __use_no_semihosting
    timer.o(.text) refers to stm32f10x_rcc.o(.text) for RCC_APB2PeriphClockCmd
    timer.o(.text) refers to stm32f10x_gpio.o(.text) for GPIO_PinRemapConfig
    timer.o(.text) refers to stm32f10x_tim.o(.text) for TIM_TimeBaseInit
    timer.o(.text) refers to misc.o(.text) for NVIC_Init
    timer.o(.text) refers to timer.o(.data) for time_micros
    pid.o(.text) refers to motor_and_encoder.o(.text) for readEncoder
    pid.o(.text) refers to dflt_clz.o(x$fpl$dflt) for __aeabi_i2d
    pid.o(.text) refers to daddsub_clz.o(x$fpl$drsb) for __aeabi_drsub
    pid.o(.text) refers to dfix.o(x$fpl$dfix) for __aeabi_d2iz
    pid.o(.text) refers to pid.o(.bss) for AWheelPID
    pid.o(.text) refers to pid.o(.data) for moving
    pid.o(.text) refers to com_data.o(.data) for arg11
[...]
    ../clib/libinit.s                        0x00000000   Number         0  libinit2.o ABSOLUTE
    ../clib/libinit.s                        0x00000000   Number         0  libinit.o ABSOLUTE
    ../clib/locale.s                         0x00000000   Number         0  lc_ctype_c.o ABSOLUTE
    ../clib/memcpset.s                       0x00000000   Number         0  strcmpv7m.o ABSOLUTE
    ../clib/misc.s                           0x00000000   Number         0  printf_stubs.o ABSOLUTE
    ../clib/printf.c                         0x00000000   Number         0  _printf_dec.o ABSOLUTE
    ../clib/printf.c                         0x00000000   Number         0  __printf_flags.o ABSOLUTE
    ../clib/printf.c                         0x00000000   Number         0  _printf_char_common.o ABSOLUTE
    ../clib/printf.c                         0x00000000   Number         0  __printf_flags_ss.o ABSOLUTE
    ../clib/printf.c                         0x00000000   Number         0  __printf_wp.o ABSOLUTE
    ../clib/printf.c                         0x00000000   Number         0  __printf_flags_wp.o ABSOLUTE
    ../clib/printf.c                         0x00000000   Number         0  __printf_ss_wp.o ABSOLUTE
    ../clib/printf.c                         0x00000000   Number         0  __printf_flags_ss_wp.o ABSOLUTE
    ../clib/printf.c                         0x00000000   Number         0  _printf_char_file.o ABSOLUTE
    ../clib/printf.c                         0x00000000   Number         0  _printf_intcommon.o ABSOLUTE
    ../clib/printf.c                         0x00000000   Number         0  __printf_ss.o ABSOLUTE
    ../clib/printf.c                         0x00000000   Number         0  __printf_nopercent.o ABSOLUTE
    ../clib/printf.c                         0x00000000   Number         0  __2printf.o ABSOLUTE
    ../clib/printf.c                         0x00000000   Number         0  noretval__2printf.o ABSOLUTE
    ../clib/printf.c                         0x00000000   Number         0  __printf.o ABSOLUTE
    ../clib/printf_percent.s                 0x00000000   Number         0  _printf_percent.o ABSOLUTE
    ../clib/printf_percent.s                 0x00000000   Number         0  _printf_d.o ABSOLUTE
    ../clib/printf_percent.s                 0x00000000   Number         0  _printf_percent_end.o ABSOLUTE
    ../clib/scanf.c                          0x00000000   Number         0  _strtoul.o ABSOLUTE
    ../clib/scanf.c                          0x00000000   Number         0  _chval.o ABSOLUTE
    ../clib/scanf.c                          0x00000000   Number         0  strtol.o ABSOLUTE
    ../clib/signal.c                         0x00000000   Number         0  defsig_rtred_inner.o ABSOLUTE
    ../clib/signal.c                         0x00000000   Number         0  defsig_fpe_inner.o ABSOLUTE
    ../clib/signal.c                         0x00000000   Number         0  __raise.o ABSOLUTE
    ../clib/signal.c                         0x00000000   Number         0  defsig_abrt_inner.o ABSOLUTE
    ../clib/signal.c                         0x00000000   Number         0  defsig_general.o ABSOLUTE
    ../clib/signal.c                         0x00000000   Number         0  defsig_other.o ABSOLUTE
    ../clib/signal.c                         0x00000000   Number         0  defsig_exit.o ABSOLUTE
    ../clib/signal.c                         0x00000000   Number         0  defsig_rtmem_outer.o ABSOLUTE
    ../clib/signal.c                         0x00000000   Number         0  defsig_rtmem_formal.o ABSOLUTE
    ../clib/signal.c                         0x00000000   Number         0  defsig_segv_inner.o ABSOLUTE
    ../clib/signal.c                         0x00000000   Number         0  defsig_cppl_inner.o ABSOLUTE
    ../clib/signal.c                         0x00000000   Number         0  defsig_pvfn_inner.o ABSOLUTE
    ../clib/signal.c                         0x00000000   Number         0  defsig_stak_inner.o ABSOLUTE
    ../clib/signal.c                         0x00000000   Number         0  defsig_rtmem_inner.o ABSOLUTE
    ../clib/signal.s                         0x00000000   Number         0  defsig.o ABSOLUTE
    ../clib/stdio.c                          0x00000000   Number         0  ferror_locked.o ABSOLUTE
    ../clib/stdio.c                          0x00000000   Number         0  ferror.o ABSOLUTE
    ../clib/stdlib.c                         0x00000000   Number         0  exit.o ABSOLUTE
    ../fplib/daddsub.s                       0x00000000   Number         0  daddsub_clz.o ABSOLUTE
    ../fplib/dfix.s                          0x00000000   Number         0  dfix.o ABSOLUTE
    ../fplib/dflt.s                          0x00000000   Number         0  dflt_clz.o ABSOLUTE
    ../fplib/dnaninf.s                       0x00000000   Number         0  dnaninf.o ABSOLUTE
    ../fplib/dretinf.s                       0x00000000   Number         0  dretinf.o ABSOLUTE
    ../fplib/fpinit.s                        0x00000000   Number         0  fpinit.o ABSOLUTE
    ../fplib/usenofp.s                       0x00000000   Number         0  usenofp.o ABSOLUTE
    ..\CORE\core_cm3.c                       0x00000000   Number         0  core_cm3.o ABSOLUTE
    ..\CORE\startup_stm32f10x_hd.s           0x00000000   Number         0  startup_stm32f10x_hd.o ABSOLUTE
    ..\HARDWARE\ADC\adc.c                    0x00000000   Number         0  adc.o ABSOLUTE
    ..\HARDWARE\COM_DATA\com_data.c          0x00000000   Number         0  com_data.o ABSOLUTE
    ..\HARDWARE\GPIO\gpio.c                  0x00000000   Number         0  gpio.o ABSOLUTE
    ..\HARDWARE\MOTOR_AND_ENCODER\motor_and_encoder.c 0x00000000   Number         0  motor_and_encoder.o ABSOLUTE
    ..\HARDWARE\MOVE\move.c                  0x00000000   Number         0  move.o ABSOLUTE
    ..\HARDWARE\PID\pid.c                    0x00000000   Number         0  pid.o ABSOLUTE
    ..\HARDWARE\TIMER\timer.c                0x00000000   Number         0  timer.o ABSOLUTE
    ..\STM32F10x_FWLib\src\misc.c            0x00000000   Number         0  misc.o ABSOLUTE
    ..\STM32F10x_FWLib\src\stm32f10x_adc.c   0x00000000   Number         0  stm32f10x_adc.o ABSOLUTE
    ..\STM32F10x_FWLib\src\stm32f10x_bkp.c   0x00000000   Number         0  stm32f10x_bkp.o ABSOLUTE
    ..\STM32F10x_FWLib\src\stm32f10x_can.c   0x00000000   Number         0  stm32f10x_can.o ABSOLUTE
    ..\STM32F10x_FWLib\src\stm32f10x_cec.c   0x00000000   Number         0  stm32f10x_cec.o ABSOLUTE
    ..\STM32F10x_FWLib\src\stm32f10x_crc.c   0x00000000   Number         0  stm32f10x_crc.o ABSOLUTE
    ..\STM32F10x_FWLib\src\stm32f10x_dac.c   0x00000000   Number         0  stm32f10x_dac.o ABSOLUTE
    ..\STM32F10x_FWLib\src\stm32f10x_dbgmcu.c 0x00000000   Number         0  stm32f10x_dbgmcu.o ABSOLUTE
    ..\STM32F10x_FWLib\src\stm32f10x_dma.c   0x00000000   Number         0  stm32f10x_dma.o ABSOLUTE
    ..\STM32F10x_FWLib\src\stm32f10x_exti.c  0x00000000   Number         0  stm32f10x_exti.o ABSOLUTE
    ..\STM32F10x_FWLib\src\stm32f10x_flash.c 0x00000000   Number         0  stm32f10x_flash.o ABSOLUTE
    ..\STM32F10x_FWLib\src\stm32f10x_fsmc.c  0x00000000   Number         0  stm32f10x_fsmc.o ABSOLUTE
    ..\STM32F10x_FWLib\src\stm32f10x_gpio.c  0x00000000   Number         0  stm32f10x_gpio.o ABSOLUTE
    ..\STM32F10x_FWLib\src\stm32f10x_i2c.c   0x00000000   Number         0  stm32f10x_i2c.o ABSOLUTE
    ..\STM32F10x_FWLib\src\stm32f10x_iwdg.c  0x00000000   Number         0  stm32f10x_iwdg.o ABSOLUTE
    ..\STM32F10x_FWLib\src\stm32f10x_pwr.c   0x00000000   Number         0  stm32f10x_pwr.o ABSOLUTE
    ..\STM32F10x_FWLib\src\stm32f10x_rcc.c   0x00000000   Number         0  stm32f10x_rcc.o ABSOLUTE
    ..\STM32F10x_FWLib\src\stm32f10x_rtc.c   0x00000000   Number         0  stm32f10x_rtc.o ABSOLUTE
    ..\STM32F10x_FWLib\src\stm32f10x_sdio.c  0x00000000   Number         0  stm32f10x_sdio.o ABSOLUTE
    ..\STM32F10x_FWLib\src\stm32f10x_spi.c   0x00000000   Number         0  stm32f10x_spi.o ABSOLUTE
    ..\STM32F10x_FWLib\src\stm32f10x_tim.c   0x00000000   Number         0  stm32f10x_tim.o ABSOLUTE
    ..\STM32F10x_FWLib\src\stm32f10x_usart.c 0x00000000   Number         0  stm32f10x_usart.o ABSOLUTE
    ..\STM32F10x_FWLib\src\stm32f10x_wwdg.c  0x00000000   Number         0  stm32f10x_wwdg.o ABSOLUTE
    ..\SYSTEM\delay\delay.c                  0x00000000   Number         0  delay.o ABSOLUTE
    ..\SYSTEM\sys\sys.c                      0x00000000   Number         0  sys.o ABSOLUTE
    ..\SYSTEM\usart\usart.c                  0x00000000   Number         0  usart.o ABSOLUTE
    ..\\CORE\\core_cm3.c                     0x00000000   Number         0  core_cm3.o ABSOLUTE
    dc.s                                     0x00000000   Number         0  dc.o ABSOLUTE
    main.c                                   0x00000000   Number         0  main.o ABSOLUTE
    stm32f10x_it.c                           0x00000000   Number         0  stm32f10x_it.o ABSOLUTE
    system_stm32f10x.c                       0x00000000   Number         0  system_stm32f10x.o ABSOLUTE
    RESET                                    0x08000000   Section      304  startup_stm32f10x_hd.o(RESET)
    !!!main                                  0x08000130   Section        8  __main.o(!!!main)
    !!!scatter                               0x08000138   Section       52  __scatter.o(!!!scatter)
    !!handler_copy                           0x0800016c   Section       26  __scatter_copy.o(!!handler_copy)
    !!handler_zi                             0x08000188   Section       28  __scatter_zi.o(!!handler_zi)
    .ARM.Collect$$_printf_percent$$00000000  0x080001a4   Section        0  _printf_percent.o(.ARM.Collect$$_printf_percent$$00000000)
    .ARM.Collect$$_printf_percent$$00000009  0x080001a4   Section        6  _printf_d.o(.ARM.Collect$$_printf_percent$$00000009)
    .ARM.Collect$$_printf_percent$$00000017  0x080001aa   Section        4  _printf_percent_end.o(.ARM.Collect$$_printf_percent$$00000017)
    .ARM.Collect$$libinit$$00000000          0x080001ae   Section        2  libinit.o(.ARM.Collect$$libinit$$00000000)
    .ARM.Collect$$libinit$$00000002          0x080001b0   Section        0  libinit2.o(.ARM.Collect$$libinit$$00000002)
    .ARM.Collect$$libinit$$00000004          0x080001b0   Section        0  libinit2.o(.ARM.Collect$$libinit$$00000004)
    .ARM.Collect$$libinit$$0000000A          0x080001b0   Section        0  libinit2.o(.ARM.Collect$$libinit$$0000000A)
    .ARM.Collect$$libinit$$0000000C          0x080001b0   Section        0  libinit2.o(.ARM.Collect$$libinit$$0000000C)
    .ARM.Collect$$libinit$$0000000E          0x080001b0   Section        0  libinit2.o(.ARM.Collect$$libinit$$0000000E)
    .ARM.Collect$$libinit$$0000000F          0x080001b0   Section        6  libinit2.o(.ARM.Collect$$libinit$$0000000F)
    .ARM.Collect$$libinit$$00000011          0x080001b6   Section        0  libinit2.o(.ARM.Collect$$libinit$$00000011)
    .ARM.Collect$$libinit$$00000012          0x080001b6   Section       12  libinit2.o(.ARM.Collect$$libinit$$00000012)
    .ARM.Collect$$libinit$$00000013          0x080001c2   Section        0  libinit2.o(.ARM.Collect$$libinit$$00000013)
    .ARM.Collect$$libinit$$00000015          0x080001c2   Section        0  libinit2.o(.ARM.Collect$$libinit$$00000015)
    .ARM.Collect$$libinit$$00000017          0x080001c2   Section        0  libinit2.o(.ARM.Collect$$libinit$$00000017)
    .ARM.Collect$$libinit$$00000019          0x080001c2   Section        0  libinit2.o(.ARM.Collect$$libinit$$00000019)
    .ARM.Collect$$libinit$$0000001B          0x080001c2   Section        0  libinit2.o(.ARM.Collect$$libinit$$0000001B)
    .ARM.Collect$$libinit$$0000001D          0x080001c2   Section        0  libinit2.o(.ARM.Collect$$libinit$$0000001D)
    .ARM.Collect$$libinit$$0000001F          0x080001c2   Section        0  libinit2.o(.ARM.Collect$$libinit$$0000001F)
    .ARM.Collect$$libinit$$00000021          0x080001c2   Section        0  libinit2.o(.ARM.Collect$$libinit$$00000021)
    .ARM.Collect$$libinit$$00000023          0x080001c2   Section        0  libinit2.o(.ARM.Collect$$libinit$$00000023)
    .ARM.Collect$$libinit$$00000025          0x080001c2   Section        0  libinit2.o(.ARM.Collect$$libinit$$00000025)
    .ARM.Collect$$libinit$$0000002C          0x080001c2   Section        0  libinit2.o(.ARM.Collect$$libinit$$0000002C)
    .ARM.Collect$$libinit$$0000002E          0x080001c2   Section        0  libinit2.o(.ARM.Collect$$libinit$$0000002E)
    .ARM.Collect$$libinit$$00000030          0x080001c2   Section        0  libinit2.o(.ARM.Collect$$libinit$$00000030)
    .ARM.Collect$$libinit$$00000032          0x080001c2   Section        0  libinit2.o(.ARM.Collect$$libinit$$00000032)
    .ARM.Collect$$libinit$$00000033          0x080001c2   Section        2  libinit2.o(.ARM.Collect$$libinit$$00000033)
    .ARM.Collect$$libshutdown$$00000000      0x080001c4   Section        2  libshutdown.o(.ARM.Collect$$libshutdown$$00000000)
    .ARM.Collect$$libshutdown$$00000003      0x080001c6   Section        0  libshutdown2.o(.ARM.Collect$$libshutdown$$00000003)
    .ARM.Collect$$libshutdown$$00000006      0x080001c6   Section        0  libshutdown2.o(.ARM.Collect$$libshutdown$$00000006)
    .ARM.Collect$$libshutdown$$00000009      0x080001c6   Section        0  libshutdown2.o(.ARM.Collect$$libshutdown$$00000009)
    .ARM.Collect$$libshutdown$$0000000B      0x080001c6   Section        0  libshutdown2.o(.ARM.Collect$$libshutdown$$0000000B)
    .ARM.Collect$$libshutdown$$0000000E      0x080001c6   Section        0  libshutdown2.o(.ARM.Collect$$libshutdown$$0000000E)
    .ARM.Collect$$libshutdown$$0000000F      0x080001c6   Section        2  libshutdown2.o(.ARM.Collect$$libshutdown$$0000000F)
    .ARM.Collect$$rtentry$$00000000          0x080001c8   Section        0  __rtentry.o(.ARM.Collect$$rtentry$$00000000)
    .ARM.Collect$$rtentry$$00000002          0x080001c8   Section        0  __rtentry2.o(.ARM.Collect$$rtentry$$00000002)
    .ARM.Collect$$rtentry$$00000004          0x080001c8   Section        6  __rtentry4.o(.ARM.Collect$$rtentry$$00000004)
    .ARM.Collect$$rtentry$$00000009          0x080001ce   Section        0  __rtentry2.o(.ARM.Collect$$rtentry$$00000009)
    .ARM.Collect$$rtentry$$0000000A          0x080001ce   Section        4  __rtentry2.o(.ARM.Collect$$rtentry$$0000000A)
    .ARM.Collect$$rtentry$$0000000C          0x080001d2   Section        0  __rtentry2.o(.ARM.Collect$$rtentry$$0000000C)
    .ARM.Collect$$rtentry$$0000000D          0x080001d2   Section        8  __rtentry2.o(.ARM.Collect$$rtentry$$0000000D)
    .ARM.Collect$$rtexit$$00000000           0x080001da   Section        2  rtexit.o(.ARM.Collect$$rtexit$$00000000)
    .ARM.Collect$$rtexit$$00000002           0x080001dc   Section        0  rtexit2.o(.ARM.Collect$$rtexit$$00000002)
    .ARM.Collect$$rtexit$$00000003           0x080001dc   Section        4  rtexit2.o(.ARM.Collect$$rtexit$$00000003)
    .ARM.Collect$$rtexit$$00000004           0x080001e0   Section        6  rtexit2.o(.ARM.Collect$$rtexit$$00000004)
    .text                                    0x080001e8   Section        0  main.o(.text)
    .text                                    0x0800025c   Section        0  stm32f10x_it.o(.text)
    .text                                    0x08000278   Section        0  system_stm32f10x.o(.text)
    SetSysClockTo72                          0x08000279   Thumb Code   214  system_stm32f10x.o(.text)
    SetSysClock                              0x0800034f   Thumb Code     8  system_stm32f10x.o(.text)
    .text                                    0x08000458   Section       64  startup_stm32f10x_hd.o(.text)
    .text                                    0x08000498   Section        0  misc.o(.text)
    .text                                    0x08000574   Section        0  stm32f10x_adc.o(.text)
    .text                                    0x080009c4   Section        0  stm32f10x_gpio.o(.text)
    .text                                    0x08000d20   Section        0  stm32f10x_rcc.o(.text)
    .text                                    0x080010c4   Section        0  stm32f10x_tim.o(.text)
    TI4_Config                               0x0800156b   Thumb Code   130  stm32f10x_tim.o(.text)
    TI3_Config                               0x080015ff   Thumb Code   122  stm32f10x_tim.o(.text)
    TI2_Config                               0x08001693   Thumb Code   130  stm32f10x_tim.o(.text)
    TI1_Config                               0x08001727   Thumb Code   108  stm32f10x_tim.o(.text)
    .text                                    0x08001ee0   Section        0  stm32f10x_usart.o(.text)
    .text                                    0x080022e8   Section        0  delay.o(.text)
    .text                                    0x080023bc   Section        0  sys.o(.text)
    .text                                    0x080023c8   Section        0  usart.o(.text)
    .text                                    0x08002524   Section        0  timer.o(.text)
    .text                                    0x08002a24   Section        0  pid.o(.text)
    .text                                    0x08002da0   Section        0  gpio.o(.text)
    .text                                    0x08002e40   Section        0  com_data.o(.text)
    .text                                    0x08003260   Section        0  motor_and_encoder.o(.text)
    .text                                    0x080034c4   Section        0  move.o(.text)
    .text                                    0x08003a88   Section        0  adc.o(.text)
    .text                                    0x08003b70   Section        2  use_no_semi_2.o(.text)
    .text                                    0x08003b74   Section        0  noretval__2printf.o(.text)
    .text                                    0x08003b8c   Section        0  _printf_dec.o(.text)
    .text                                    0x08003c04   Section        0  __printf_ss.o(.text)
    .text                                    0x08003cbc   Section        0  strtol.o(.text)
    .text                                    0x08003d2c   Section        0  heapauxi.o(.text)
    .text                                    0x08003d32   Section        2  use_no_semi.o(.text)
    .text                                    0x08003d34   Section       16  rt_ctype_table.o(.text)
    .text                                    0x08003d44   Section        8  rt_errno_addr_intlibspace.o(.text)
    .text                                    0x08003d4c   Section        0  _printf_intcommon.o(.text)
    .text                                    0x08003e00   Section        0  _printf_char_file.o(.text)
    .text                                    0x08003e24   Section        0  _strtoul.o(.text)
    .text                                    0x08003ec4   Section        8  libspace.o(.text)
    .text                                    0x08003ecc   Section        8  rt_locale_intlibspace.o(.text)
    .text                                    0x08003ed4   Section        0  _printf_char_common.o(.text)
    _printf_input_char                       0x08003ed5   Thumb Code    10  _printf_char_common.o(.text)
    .text                                    0x08003f04   Section        0  _chval.o(.text)
    .text                                    0x08003f20   Section        0  ferror.o(.text)
    .text                                    0x08003f28   Section       74  sys_stackheap_outer.o(.text)
    .text                                    0x08003f72   Section        0  exit.o(.text)
    .text                                    0x08003f80   Section      128  strcmpv7m.o(.text)
    locale$$code                             0x08004000   Section       44  lc_ctype_c.o(locale$$code)
    x$fpl$dadd                               0x0800402c   Section      336  daddsub_clz.o(x$fpl$dadd)
    _dadd1                                   0x0800403d   Thumb Code     0  daddsub_clz.o(x$fpl$dadd)
    x$fpl$dfix                               0x0800417c   Section       94  dfix.o(x$fpl$dfix)
    x$fpl$dflt                               0x080041da   Section       46  dflt_clz.o(x$fpl$dflt)
    x$fpl$dnaninf                            0x08004208   Section      156  dnaninf.o(x$fpl$dnaninf)
    x$fpl$dretinf                            0x080042a4   Section       12  dretinf.o(x$fpl$dretinf)
    x$fpl$drsb                               0x080042b0   Section       22  daddsub_clz.o(x$fpl$drsb)
    x$fpl$dsub                               0x080042c8   Section      468  daddsub_clz.o(x$fpl$dsub)
    _dsub1                                   0x080042d9   Thumb Code     0  daddsub_clz.o(x$fpl$dsub)
    x$fpl$usenofp                            0x0800449c   Section        0  usenofp.o(x$fpl$usenofp)
    locale$$data                             0x080044bc   Section      272  lc_ctype_c.o(locale$$data)
    __lcctype_c_name                         0x080044c0   Data           2  lc_ctype_c.o(locale$$data)
    __lcctype_c_start                        0x080044c8   Data           0  lc_ctype_c.o(locale$$data)
    __lcctype_c_end                          0x080045cc   Data           0  lc_ctype_c.o(locale$$data)
    .data                                    0x20000000   Section       20  system_stm32f10x.o(.data)
    .data                                    0x20000014   Section       20  stm32f10x_rcc.o(.data)
    APBAHBPrescTable                         0x20000014   Data          16  stm32f10x_rcc.o(.data)
    ADCPrescTable                            0x20000024   Data           4  stm32f10x_rcc.o(.data)
    .data                                    0x20000028   Section        4  delay.o(.data)
    fac_us                                   0x20000028   Data           1  delay.o(.data)
    fac_ms                                   0x2000002a   Data           2  delay.o(.data)
    .data                                    0x2000002c   Section        6  usart.o(.data)
    .data                                    0x20000038   Section        8  timer.o(.data)
    .data                                    0x20000040   Section       61  pid.o(.data)
    .data                                    0x20000080   Section       58  com_data.o(.data)
    .data                                    0x200000bc   Section       28  motor_and_encoder.o(.data)
    .bss                                     0x200000d8   Section      200  usart.o(.bss)
    .bss                                     0x200001a0   Section       96  pid.o(.bss)
    .bss                                     0x20000200   Section      444  com_data.o(.bss)
    .bss                                     0x200003bc   Section       96  libspace.o(.bss)
    HEAP                                     0x20000420   Section      512  startup_stm32f10x_hd.o(HEAP)
    Heap_Mem                                 0x20000420   Data         512  startup_stm32f10x_hd.o(HEAP)
    STACK                                    0x20000620   Section     1024  startup_stm32f10x_hd.o(STACK)
    Stack_Mem                                0x20000620   Data        1024  startup_stm32f10x_hd.o(STACK)
    __initial_sp                             0x20000a20   Data           0  startup_stm32f10x_hd.o(STACK)

    Global Symbols

    Symbol Name                              Value     Ov Type        Size  Object(Section)

    BuildAttributes$$THM_ISAv4$P$D$K$B$S$PE$A:L22UL41UL21$X:L11$S22US41US21$IEEE1$IW$USESV6$~STKCKD$USESV7$~SHL$OSPACE$ROPI$EBA8$UX$STANDARDLIB$REQ8$PRES8$EABIv2 0x00000000   Number         0  anon$$obj.o ABSOLUTE
    __ARM_use_no_argv                        0x00000000   Number         0  main.o ABSOLUTE
    _printf_flags                            0x00000000   Number         0  printf_stubs.o ABSOLUTE
    _printf_return_value                     0x00000000   Number         0  printf_stubs.o ABSOLUTE
    _printf_sizespec                         0x00000000   Number         0  printf_stubs.o ABSOLUTE
    _printf_widthprec                        0x00000000   Number         0  printf_stubs.o ABSOLUTE
    __ARM_exceptions_init                     - Undefined Weak Reference
    __alloca_initialize                       - Undefined Weak Reference
    __arm_preinit_                            - Undefined Weak Reference
    __cpp_initialize__aeabi_                  - Undefined Weak Reference
    __cxa_finalize                            - Undefined Weak Reference
    __sigvec_lookup                           - Undefined Weak Reference
    _atexit_init                              - Undefined Weak Reference
    _call_atexit_fns                          - Undefined Weak Reference
    _clock_init                               - Undefined Weak Reference
    _fp_trap_init                             - Undefined Weak Reference
    _fp_trap_shutdown                         - Undefined Weak Reference
    _get_lc_collate                           - Undefined Weak Reference
    _get_lc_monetary                          - Undefined Weak Reference
    _get_lc_numeric                           - Undefined Weak Reference
    _get_lc_time                              - Undefined Weak Reference
    _getenv_init                              - Undefined Weak Reference
    _handle_redirection                       - Undefined Weak Reference
    _init_alloc                               - Undefined Weak Reference
    _init_user_alloc                          - Undefined Weak Reference
    _initio                                   - Undefined Weak Reference
    _mutex_acquire                            - Undefined Weak Reference
    _mutex_release                            - Undefined Weak Reference
    _printf_post_padding                      - Undefined Weak Reference
    _printf_pre_padding                       - Undefined Weak Reference
    _printf_truncate_signed                   - Undefined Weak Reference
    _printf_truncate_unsigned                 - Undefined Weak Reference
    _rand_init                                - Undefined Weak Reference
    _signal_finish                            - Undefined Weak Reference
    _signal_init                              - Undefined Weak Reference
    _terminate_alloc                          - Undefined Weak Reference
    _terminate_user_alloc                     - Undefined Weak Reference
    _terminateio                              - Undefined Weak Reference
    __Vectors_Size                           0x00000130   Number         0  startup_stm32f10x_hd.o ABSOLUTE
    __Vectors                                0x08000000   Data           4  startup_stm32f10x_hd.o(RESET)
    __Vectors_End                            0x08000130   Data           0  startup_stm32f10x_hd.o(RESET)
    __main                                   0x08000131   Thumb Code     8  __main.o(!!!main)
    __scatterload                            0x08000139   Thumb Code     0  __scatter.o(!!!scatter)
    __scatterload_rt2                        0x08000139   Thumb Code    44  __scatter.o(!!!scatter)
    __scatterload_rt2_thumb_only             0x08000139   Thumb Code     0  __scatter.o(!!!scatter)
    __scatterload_null                       0x08000147   Thumb Code     0  __scatter.o(!!!scatter)
    __scatterload_copy                       0x0800016d   Thumb Code    26  __scatter_copy.o(!!handler_copy)
    __scatterload_zeroinit                   0x08000189   Thumb Code    28  __scatter_zi.o(!!handler_zi)
    _printf_d                                0x080001a5   Thumb Code     0  _printf_d.o(.ARM.Collect$$_printf_percent$$00000009)
    _printf_percent                          0x080001a5   Thumb Code     0  _printf_percent.o(.ARM.Collect$$_printf_percent$$00000000)
    _printf_percent_end                      0x080001ab   Thumb Code     0  _printf_percent_end.o(.ARM.Collect$$_printf_percent$$00000017)
    __rt_lib_init                            0x080001af   Thumb Code     0  libinit.o(.ARM.Collect$$libinit$$00000000)
    __rt_lib_init_fp_1                       0x080001b1   Thumb Code     0  libinit2.o(.ARM.Collect$$libinit$$00000002)
    __rt_lib_init_heap_1                     0x080001b1   Thumb Code     0  libinit2.o(.ARM.Collect$$libinit$$0000000A)
    __rt_lib_init_lc_common                  0x080001b1   Thumb Code     0  libinit2.o(.ARM.Collect$$libinit$$0000000F)
    __rt_lib_init_preinit_1                  0x080001b1   Thumb Code     0  libinit2.o(.ARM.Collect$$libinit$$00000004)
    __rt_lib_init_rand_1                     0x080001b1   Thumb Code     0  libinit2.o(.ARM.Collect$$libinit$$0000000E)
    __rt_lib_init_user_alloc_1               0x080001b1   Thumb Code     0  libinit2.o(.ARM.Collect$$libinit$$0000000C)
    __rt_lib_init_lc_collate_1               0x080001b7   Thumb Code     0  libinit2.o(.ARM.Collect$$libinit$$00000011)
    __rt_lib_init_lc_ctype_2                 0x080001b7   Thumb Code     0  libinit2.o(.ARM.Collect$$libinit$$00000012)
    __rt_lib_init_alloca_1                   0x080001c3   Thumb Code     0  libinit2.o(.ARM.Collect$$libinit$$0000002E)
    __rt_lib_init_argv_1                     0x080001c3   Thumb Code     0  libinit2.o(.ARM.Collect$$libinit$$0000002C)
    __rt_lib_init_atexit_1                   0x080001c3   Thumb Code     0  libinit2.o(.ARM.Collect$$libinit$$0000001B)
    __rt_lib_init_clock_1                    0x080001c3   Thumb Code     0  libinit2.o(.ARM.Collect$$libinit$$00000021)
    __rt_lib_init_cpp_1                      0x080001c3   Thumb Code     0  libinit2.o(.ARM.Collect$$libinit$$00000032)
    __rt_lib_init_exceptions_1               0x080001c3   Thumb Code     0  libinit2.o(.ARM.Collect$$libinit$$00000030)
    __rt_lib_init_fp_trap_1                  0x080001c3   Thumb Code     0  libinit2.o(.ARM.Collect$$libinit$$0000001F)
    __rt_lib_init_getenv_1                   0x080001c3   Thumb Code     0  libinit2.o(.ARM.Collect$$libinit$$00000023)
    __rt_lib_init_lc_ctype_1                 0x080001c3   Thumb Code     0  libinit2.o(.ARM.Collect$$libinit$$00000013)
    __rt_lib_init_lc_monetary_1              0x080001c3   Thumb Code     0  libinit2.o(.ARM.Collect$$libinit$$00000015)
    __rt_lib_init_lc_numeric_1               0x080001c3   Thumb Code     0  libinit2.o(.ARM.Collect$$libinit$$00000017)
    __rt_lib_init_lc_time_1                  0x080001c3   Thumb Code     0  libinit2.o(.ARM.Collect$$libinit$$00000019)
    __rt_lib_init_return                     0x080001c3   Thumb Code     0  libinit2.o(.ARM.Collect$$libinit$$00000033)
    __rt_lib_init_signal_1                   0x080001c3   Thumb Code     0  libinit2.o(.ARM.Collect$$libinit$$0000001D)
    __rt_lib_init_stdio_1                    0x080001c3   Thumb Code     0  libinit2.o(.ARM.Collect$$libinit$$00000025)
    __rt_lib_shutdown                        0x080001c5   Thumb Code     0  libshutdown.o(.ARM.Collect$$libshutdown$$00000000)
    __rt_lib_shutdown_fp_trap_1              0x080001c7   Thumb Code     0  libshutdown2.o(.ARM.Collect$$libshutdown$$00000006)
    __rt_lib_shutdown_heap_1                 0x080001c7   Thumb Code     0  libshutdown2.o(.ARM.Collect$$libshutdown$$0000000E)
    __rt_lib_shutdown_return                 0x080001c7   Thumb Code     0  libshutdown2.o(.ARM.Collect$$libshutdown$$0000000F)
    __rt_lib_shutdown_signal_1               0x080001c7   Thumb Code     0  libshutdown2.o(.ARM.Collect$$libshutdown$$00000009)
    __rt_lib_shutdown_stdio_1                0x080001c7   Thumb Code     0  libshutdown2.o(.ARM.Collect$$libshutdown$$00000003)
    __rt_lib_shutdown_user_alloc_1           0x080001c7   Thumb Code     0  libshutdown2.o(.ARM.Collect$$libshutdown$$0000000B)
    __rt_entry                               0x080001c9   Thumb Code     0  __rtentry.o(.ARM.Collect$$rtentry$$00000000)
    __rt_entry_presh_1                       0x080001c9   Thumb Code     0  __rtentry2.o(.ARM.Collect$$rtentry$$00000002)
    __rt_entry_sh                            0x080001c9   Thumb Code     0  __rtentry4.o(.ARM.Collect$$rtentry$$00000004)
    __rt_entry_li                            0x080001cf   Thumb Code     0  __rtentry2.o(.ARM.Collect$$rtentry$$0000000A)
    __rt_entry_postsh_1                      0x080001cf   Thumb Code     0  __rtentry2.o(.ARM.Collect$$rtentry$$00000009)
    __rt_entry_main                          0x080001d3   Thumb Code     0  __rtentry2.o(.ARM.Collect$$rtentry$$0000000D)
    __rt_entry_postli_1                      0x080001d3   Thumb Code     0  __rtentry2.o(.ARM.Collect$$rtentry$$0000000C)
    __rt_exit                                0x080001db   Thumb Code     0  rtexit.o(.ARM.Collect$$rtexit$$00000000)
    __rt_exit_ls                             0x080001dd   Thumb Code     0  rtexit2.o(.ARM.Collect$$rtexit$$00000003)
    __rt_exit_prels_1                        0x080001dd   Thumb Code     0  rtexit2.o(.ARM.Collect$$rtexit$$00000002)
    __rt_exit_exit                           0x080001e1   Thumb Code     0  rtexit2.o(.ARM.Collect$$rtexit$$00000004)
    main                                     0x080001e9   Thumb Code    98  main.o(.text)
    NMI_Handler                              0x0800025d   Thumb Code     2  stm32f10x_it.o(.text)
    HardFault_Handler                        0x0800025f   Thumb Code     4  stm32f10x_it.o(.text)
    MemManage_Handler                        0x08000263   Thumb Code     4  stm32f10x_it.o(.text)
    BusFault_Handler                         0x08000267   Thumb Code     4  stm32f10x_it.o(.text)
    UsageFault_Handler                       0x0800026b   Thumb Code     4  stm32f10x_it.o(.text)
    SVC_Handler                              0x0800026f   Thumb Code     2  stm32f10x_it.o(.text)
    DebugMon_Handler                         0x08000271   Thumb Code     2  stm32f10x_it.o(.text)
    PendSV_Handler                           0x08000273   Thumb Code     2  stm32f10x_it.o(.text)
    SysTick_Handler                          0x08000275   Thumb Code     2  stm32f10x_it.o(.text)
    SystemInit                               0x08000357   Thumb Code    78  system_stm32f10x.o(.text)
    SystemCoreClockUpdate                    0x080003a5   Thumb Code   142  system_stm32f10x.o(.text)
    Reset_Handler                            0x08000459   Thumb Code     8  startup_stm32f10x_hd.o(.text)
    ADC1_2_IRQHandler                        0x08000473   Thumb Code     0  startup_stm32f10x_hd.o(.text)
    ADC3_IRQHandler                          0x08000473   Thumb Code     0  startup_stm32f10x_hd.o(.text)
    CAN1_RX1_IRQHandler                      0x08000473   Thumb Code     0  startup_stm32f10x_hd.o(.text)
    CAN1_SCE_IRQHandler                      0x08000473   Thumb Code     0  startup_stm32f10x_hd.o(.text)
    DMA1_Channel1_IRQHandler                 0x08000473   Thumb Code     0  startup_stm32f10x_hd.o(.text)
    DMA1_Channel2_IRQHandler                 0x08000473   Thumb Code     0  startup_stm32f10x_hd.o(.text)
    DMA1_Channel3_IRQHandler                 0x08000473   Thumb Code     0  startup_stm32f10x_hd.o(.text)
    DMA1_Channel4_IRQHandler                 0x08000473   Thumb Code     0  startup_stm32f10x_hd.o(.text)
    DMA1_Channel5_IRQHandler                 0x08000473   Thumb Code     0  startup_stm32f10x_hd.o(.text)
    DMA1_Channel6_IRQHandler                 0x08000473   Thumb Code     0  startup_stm32f10x_hd.o(.text)
    DMA1_Channel7_IRQHandler                 0x08000473   Thumb Code     0  startup_stm32f10x_hd.o(.text)
    DMA2_Channel1_IRQHandler                 0x08000473   Thumb Code     0  startup_stm32f10x_hd.o(.text)
    DMA2_Channel2_IRQHandler                 0x08000473   Thumb Code     0  startup_stm32f10x_hd.o(.text)
    DMA2_Channel3_IRQHandler                 0x08000473   Thumb Code     0  startup_stm32f10x_hd.o(.text)
    DMA2_Channel4_5_IRQHandler               0x08000473   Thumb Code     0  startup_stm32f10x_hd.o(.text)
    EXTI0_IRQHandler                         0x08000473   Thumb Code     0  startup_stm32f10x_hd.o(.text)
    EXTI15_10_IRQHandler                     0x08000473   Thumb Code     0  startup_stm32f10x_hd.o(.text)
    EXTI1_IRQHandler                         0x08000473   Thumb Code     0  startup_stm32f10x_hd.o(.text)
    EXTI2_IRQHandler                         0x08000473   Thumb Code     0  startup_stm32f10x_hd.o(.text)
    EXTI3_IRQHandler                         0x08000473   Thumb Code     0  startup_stm32f10x_hd.o(.text)
    EXTI4_IRQHandler                         0x08000473   Thumb Code     0  startup_stm32f10x_hd.o(.text)
    EXTI9_5_IRQHandler                       0x08000473   Thumb Code     0  startup_stm32f10x_hd.o(.text)
    FLASH_IRQHandler                         0x08000473   Thumb Code     0  startup_stm32f10x_hd.o(.text)
    FSMC_IRQHandler                          0x08000473   Thumb Code     0  startup_stm32f10x_hd.o(.text)
    I2C1_ER_IRQHandler                       0x08000473   Thumb Code     0  startup_stm32f10x_hd.o(.text)
    I2C1_EV_IRQHandler                       0x08000473   Thumb Code     0  startup_stm32f10x_hd.o(.text)
    I2C2_ER_IRQHandler                       0x08000473   Thumb Code     0  startup_stm32f10x_hd.o(.text)
    I2C2_EV_IRQHandler                       0x08000473   Thumb Code     0  startup_stm32f10x_hd.o(.text)
    PVD_IRQHandler                           0x08000473   Thumb Code     0  startup_stm32f10x_hd.o(.text)
    RCC_IRQHandler                           0x08000473   Thumb Code     0  startup_stm32f10x_hd.o(.text)
    RTCAlarm_IRQHandler                      0x08000473   Thumb Code     0  startup_stm32f10x_hd.o(.text)
    RTC_IRQHandler                           0x08000473   Thumb Code     0  startup_stm32f10x_hd.o(.text)
    SDIO_IRQHandler                          0x08000473   Thumb Code     0  startup_stm32f10x_hd.o(.text)
    SPI1_IRQHandler                          0x08000473   Thumb Code     0  startup_stm32f10x_hd.o(.text)
    SPI2_IRQHandler                          0x08000473   Thumb Code     0  startup_stm32f10x_hd.o(.text)
    SPI3_IRQHandler                          0x08000473   Thumb Code     0  startup_stm32f10x_hd.o(.text)
    TAMPER_IRQHandler                        0x08000473   Thumb Code     0  startup_stm32f10x_hd.o(.text)
    TIM1_BRK_IRQHandler                      0x08000473   Thumb Code     0  startup_stm32f10x_hd.o(.text)
    TIM1_CC_IRQHandler                       0x08000473   Thumb Code     0  startup_stm32f10x_hd.o(.text)
    TIM1_TRG_COM_IRQHandler                  0x08000473   Thumb Code     0  startup_stm32f10x_hd.o(.text)
    TIM1_UP_IRQHandler                       0x08000473   Thumb Code     0  startup_stm32f10x_hd.o(.text)
    TIM6_IRQHandler                          0x08000473   Thumb Code     0  startup_stm32f10x_hd.o(.text)
    TIM7_IRQHandler                          0x08000473   Thumb Code     0  startup_stm32f10x_hd.o(.text)
    TIM8_BRK_IRQHandler                      0x08000473   Thumb Code     0  startup_stm32f10x_hd.o(.text)
    TIM8_CC_IRQHandler                       0x08000473   Thumb Code     0  startup_stm32f10x_hd.o(.text)
    TIM8_TRG_COM_IRQHandler                  0x08000473   Thumb Code     0  startup_stm32f10x_hd.o(.text)
    TIM8_UP_IRQHandler                       0x08000473   Thumb Code     0  startup_stm32f10x_hd.o(.text)
    UART4_IRQHandler                         0x08000473   Thumb Code     0  startup_stm32f10x_hd.o(.text)
    UART5_IRQHandler                         0x08000473   Thumb Code     0  startup_stm32f10x_hd.o(.text)
    USART2_IRQHandler                        0x08000473   Thumb Code     0  startup_stm32f10x_hd.o(.text)
    USBWakeUp_IRQHandler                     0x08000473   Thumb Code     0  startup_stm32f10x_hd.o(.text)
    USB_HP_CAN1_TX_IRQHandler                0x08000473   Thumb Code     0  startup_stm32f10x_hd.o(.text)
    USB_LP_CAN1_RX0_IRQHandler               0x08000473   Thumb Code     0  startup_stm32f10x_hd.o(.text)
    WWDG_IRQHandler                          0x08000473   Thumb Code     0  startup_stm32f10x_hd.o(.text)
    __user_initial_stackheap                 0x08000475   Thumb Code     0  startup_stm32f10x_hd.o(.text)
    NVIC_PriorityGroupConfig                 0x08000499   Thumb Code    10  misc.o(.text)
    NVIC_Init                                0x080004a3   Thumb Code   100  misc.o(.text)
    NVIC_SetVectorTable                      0x08000507   Thumb Code    14  misc.o(.text)
    NVIC_SystemLPConfig                      0x08000515   Thumb Code    34  misc.o(.text)
    SysTick_CLKSourceConfig                  0x08000537   Thumb Code    40  misc.o(.text)
    ADC_DeInit                               0x08000575   Thumb Code    78  stm32f10x_adc.o(.text)
    ADC_Init                                 0x080005c3   Thumb Code    70  stm32f10x_adc.o(.text)
    ADC_StructInit                           0x08000609   Thumb Code    18  stm32f10x_adc.o(.text)
    ADC_Cmd                                  0x0800061b   Thumb Code    22  stm32f10x_adc.o(.text)
    ADC_DMACmd                               0x08000631   Thumb Code    22  stm32f10x_adc.o(.text)
    ADC_ITConfig                             0x08000647   Thumb Code    24  stm32f10x_adc.o(.text)
    ADC_ResetCalibration                     0x0800065f   Thumb Code    10  stm32f10x_adc.o(.text)
    ADC_GetResetCalibrationStatus            0x08000669   Thumb Code    20  stm32f10x_adc.o(.text)
    ADC_StartCalibration                     0x0800067d   Thumb Code    10  stm32f10x_adc.o(.text)
    ADC_GetCalibrationStatus                 0x08000687   Thumb Code    20  stm32f10x_adc.o(.text)
    ADC_SoftwareStartConvCmd                 0x0800069b   Thumb Code    22  stm32f10x_adc.o(.text)
    ADC_GetSoftwareStartConvStatus           0x080006b1   Thumb Code    20  stm32f10x_adc.o(.text)
    ADC_DiscModeChannelCountConfig           0x080006c5   Thumb Code    24  stm32f10x_adc.o(.text)
    ADC_DiscModeCmd                          0x080006dd   Thumb Code    22  stm32f10x_adc.o(.text)
    ADC_RegularChannelConfig                 0x080006f3   Thumb Code   184  stm32f10x_adc.o(.text)
    ADC_ExternalTrigConvCmd                  0x080007ab   Thumb Code    22  stm32f10x_adc.o(.text)
    ADC_GetConversionValue                   0x080007c1   Thumb Code     8  stm32f10x_adc.o(.text)
    ADC_GetDualModeConversionValue           0x080007c9   Thumb Code     8  stm32f10x_adc.o(.text)
    ADC_AutoInjectedConvCmd                  0x080007d1   Thumb Code    22  stm32f10x_adc.o(.text)
    ADC_InjectedDiscModeCmd                  0x080007e7   Thumb Code    22  stm32f10x_adc.o(.text)
    ADC_ExternalTrigInjectedConvConfig       0x080007fd   Thumb Code    16  stm32f10x_adc.o(.text)
    ADC_ExternalTrigInjectedConvCmd          0x0800080d   Thumb Code    22  stm32f10x_adc.o(.text)
    ADC_SoftwareStartInjectedConvCmd         0x08000823   Thumb Code    22  stm32f10x_adc.o(.text)
    ADC_GetSoftwareStartInjectedConvCmdStatus 0x08000839   Thumb Code    20  stm32f10x_adc.o(.text)
    ADC_InjectedChannelConfig                0x0800084d   Thumb Code   130  stm32f10x_adc.o(.text)
    ADC_InjectedSequencerLengthConfig        0x080008cf   Thumb Code    24  stm32f10x_adc.o(.text)
    ADC_SetInjectedOffset                    0x080008e7   Thumb Code    20  stm32f10x_adc.o(.text)
    ADC_GetInjectedConversionValue           0x080008fb   Thumb Code    28  stm32f10x_adc.o(.text)
    ADC_AnalogWatchdogCmd                    0x08000917   Thumb Code    16  stm32f10x_adc.o(.text)
    ADC_AnalogWatchdogThresholdsConfig       0x08000927   Thumb Code     6  stm32f10x_adc.o(.text)
    ADC_AnalogWatchdogSingleChannelConfig    0x0800092d   Thumb Code    16  stm32f10x_adc.o(.text)
    ADC_TempSensorVrefintCmd                 0x0800093d   Thumb Code    64  stm32f10x_adc.o(.text)
    ADC_GetFlagStatus                        0x0800097d   Thumb Code    18  stm32f10x_adc.o(.text)
    ADC_ClearFlag                            0x0800098f   Thumb Code     6  stm32f10x_adc.o(.text)
    ADC_GetITStatus                          0x08000995   Thumb Code    36  stm32f10x_adc.o(.text)
    ADC_ClearITPendingBit                    0x080009b9   Thumb Code    10  stm32f10x_adc.o(.text)
    GPIO_DeInit                              0x080009c5   Thumb Code   172  stm32f10x_gpio.o(.text)
    GPIO_AFIODeInit                          0x08000a71   Thumb Code    20  stm32f10x_gpio.o(.text)
    GPIO_Init                                0x08000a85   Thumb Code   278  stm32f10x_gpio.o(.text)
    GPIO_StructInit                          0x08000b9b   Thumb Code    16  stm32f10x_gpio.o(.text)
    GPIO_ReadInputDataBit                    0x08000bab   Thumb Code    18  stm32f10x_gpio.o(.text)
    GPIO_ReadInputData                       0x08000bbd   Thumb Code     8  stm32f10x_gpio.o(.text)
    GPIO_ReadOutputDataBit                   0x08000bc5   Thumb Code    18  stm32f10x_gpio.o(.text)
    GPIO_ReadOutputData                      0x08000bd7   Thumb Code     8  stm32f10x_gpio.o(.text)
    GPIO_SetBits                             0x08000bdf   Thumb Code     4  stm32f10x_gpio.o(.text)
    GPIO_ResetBits                           0x08000be3   Thumb Code     4  stm32f10x_gpio.o(.text)
    GPIO_WriteBit                            0x08000be7   Thumb Code    10  stm32f10x_gpio.o(.text)
    GPIO_Write                               0x08000bf1   Thumb Code     4  stm32f10x_gpio.o(.text)
    GPIO_PinLockConfig                       0x08000bf5   Thumb Code    18  stm32f10x_gpio.o(.text)
    GPIO_EventOutputConfig                   0x08000c07   Thumb Code    26  stm32f10x_gpio.o(.text)
    GPIO_EventOutputCmd                      0x08000c21   Thumb Code     6  stm32f10x_gpio.o(.text)
    GPIO_PinRemapConfig                      0x08000c27   Thumb Code   138  stm32f10x_gpio.o(.text)
    GPIO_EXTILineConfig                      0x08000cb1   Thumb Code    66  stm32f10x_gpio.o(.text)
    GPIO_ETH_MediaInterfaceConfig            0x08000cf3   Thumb Code     8  stm32f10x_gpio.o(.text)
    RCC_DeInit                               0x08000d21   Thumb Code    64  stm32f10x_rcc.o(.text)
    RCC_HSEConfig                            0x08000d61   Thumb Code    70  stm32f10x_rcc.o(.text)
    RCC_GetFlagStatus                        0x08000da7   Thumb Code    56  stm32f10x_rcc.o(.text)
    RCC_WaitForHSEStartUp                    0x08000ddf   Thumb Code    56  stm32f10x_rcc.o(.text)
    RCC_AdjustHSICalibrationValue            0x08000e17   Thumb Code    20  stm32f10x_rcc.o(.text)
    RCC_HSICmd                               0x08000e2b   Thumb Code     6  stm32f10x_rcc.o(.text)
    RCC_PLLConfig                            0x08000e31   Thumb Code    24  stm32f10x_rcc.o(.text)
    RCC_PLLCmd                               0x08000e49   Thumb Code     6  stm32f10x_rcc.o(.text)
    RCC_SYSCLKConfig                         0x08000e4f   Thumb Code    18  stm32f10x_rcc.o(.text)
    RCC_GetSYSCLKSource                      0x08000e61   Thumb Code    10  stm32f10x_rcc.o(.text)
    RCC_HCLKConfig                           0x08000e6b   Thumb Code    18  stm32f10x_rcc.o(.text)
    RCC_PCLK1Config                          0x08000e7d   Thumb Code    18  stm32f10x_rcc.o(.text)
    RCC_PCLK2Config                          0x08000e8f   Thumb Code    20  stm32f10x_rcc.o(.text)
    RCC_ITConfig                             0x08000ea3   Thumb Code    26  stm32f10x_rcc.o(.text)
    RCC_USBCLKConfig                         0x08000ebd   Thumb Code     8  stm32f10x_rcc.o(.text)
    RCC_ADCCLKConfig                         0x08000ec5   Thumb Code    18  stm32f10x_rcc.o(.text)
    RCC_LSEConfig                            0x08000ed7   Thumb Code    50  stm32f10x_rcc.o(.text)
    RCC_LSICmd                               0x08000f09   Thumb Code     6  stm32f10x_rcc.o(.text)
    RCC_RTCCLKConfig                         0x08000f0f   Thumb Code    12  stm32f10x_rcc.o(.text)
    RCC_RTCCLKCmd                            0x08000f1b   Thumb Code     8  stm32f10x_rcc.o(.text)
    RCC_GetClocksFreq                        0x08000f23   Thumb Code   192  stm32f10x_rcc.o(.text)
    RCC_AHBPeriphClockCmd                    0x08000fe3   Thumb Code    26  stm32f10x_rcc.o(.text)
    RCC_APB2PeriphClockCmd                   0x08000ffd   Thumb Code    26  stm32f10x_rcc.o(.text)
    RCC_APB1PeriphClockCmd                   0x08001017   Thumb Code    26  stm32f10x_rcc.o(.text)
    RCC_APB2PeriphResetCmd                   0x08001031   Thumb Code    26  stm32f10x_rcc.o(.text)
    RCC_APB1PeriphResetCmd                   0x0800104b   Thumb Code    26  stm32f10x_rcc.o(.text)
    RCC_BackupResetCmd                       0x08001065   Thumb Code     8  stm32f10x_rcc.o(.text)
    RCC_ClockSecuritySystemCmd               0x0800106d   Thumb Code     6  stm32f10x_rcc.o(.text)
    RCC_MCOConfig                            0x08001073   Thumb Code     6  stm32f10x_rcc.o(.text)
    RCC_ClearFlag                            0x08001079   Thumb Code    14  stm32f10x_rcc.o(.text)
    RCC_GetITStatus                          0x08001087   Thumb Code    20  stm32f10x_rcc.o(.text)
    RCC_ClearITPendingBit                    0x0800109b   Thumb Code     6  stm32f10x_rcc.o(.text)
    TIM_DeInit                               0x080010c5   Thumb Code   424  stm32f10x_tim.o(.text)
    TIM_TimeBaseInit                         0x0800126d   Thumb Code   122  stm32f10x_tim.o(.text)
    TIM_OC1Init                              0x080012e7   Thumb Code   132  stm32f10x_tim.o(.text)
    TIM_OC2Init                              0x0800136b   Thumb Code   154  stm32f10x_tim.o(.text)
    TIM_OC3Init                              0x08001405   Thumb Code   150  stm32f10x_tim.o(.text)
    TIM_OC4Init                              0x0800149b   Thumb Code   182  stm32f10x_tim.o(.text)
    TIM_SetIC4Prescaler                      0x08001551   Thumb Code    26  stm32f10x_tim.o(.text)
    TIM_SetIC3Prescaler                      0x080015ed   Thumb Code    18  stm32f10x_tim.o(.text)
    TIM_SetIC2Prescaler                      0x08001679   Thumb Code    26  stm32f10x_tim.o(.text)
    TIM_SetIC1Prescaler                      0x08001715   Thumb Code    18  stm32f10x_tim.o(.text)
    TIM_ICInit                               0x08001793   Thumb Code   150  stm32f10x_tim.o(.text)
    TIM_PWMIConfig                           0x08001829   Thumb Code   124  stm32f10x_tim.o(.text)
    TIM_BDTRConfig                           0x080018a5   Thumb Code    32  stm32f10x_tim.o(.text)
    TIM_TimeBaseStructInit                   0x080018c5   Thumb Code    18  stm32f10x_tim.o(.text)
    TIM_OCStructInit                         0x080018d7   Thumb Code    20  stm32f10x_tim.o(.text)
    TIM_ICStructInit                         0x080018eb   Thumb Code    18  stm32f10x_tim.o(.text)
    TIM_BDTRStructInit                       0x080018fd   Thumb Code    40  stm32f10x_tim.o(.text)
    TIM_Cmd                                  0x08001925   Thumb Code    24  stm32f10x_tim.o(.text)
    TIM_CtrlPWMOutputs                       0x0800193d   Thumb Code    30  stm32f10x_tim.o(.text)
    TIM_ITConfig                             0x0800195b   Thumb Code    18  stm32f10x_tim.o(.text)
    TIM_GenerateEvent                        0x0800196d   Thumb Code     4  stm32f10x_tim.o(.text)
    TIM_DMAConfig                            0x08001971   Thumb Code    10  stm32f10x_tim.o(.text)
    TIM_DMACmd                               0x0800197b   Thumb Code    18  stm32f10x_tim.o(.text)
    TIM_InternalClockConfig                  0x0800198d   Thumb Code    12  stm32f10x_tim.o(.text)
    TIM_SelectInputTrigger                   0x08001999   Thumb Code    18  stm32f10x_tim.o(.text)
    TIM_ITRxExternalClockConfig              0x080019ab   Thumb Code    24  stm32f10x_tim.o(.text)
    TIM_TIxExternalClockConfig               0x080019c3   Thumb Code    62  stm32f10x_tim.o(.text)
    TIM_ETRConfig                            0x08001a01   Thumb Code    28  stm32f10x_tim.o(.text)
    TIM_ETRClockMode1Config                  0x08001a1d   Thumb Code    54  stm32f10x_tim.o(.text)
    TIM_ETRClockMode2Config                  0x08001a53   Thumb Code    32  stm32f10x_tim.o(.text)
    TIM_PrescalerConfig                      0x08001a73   Thumb Code     6  stm32f10x_tim.o(.text)
    TIM_CounterModeConfig                    0x08001a79   Thumb Code    18  stm32f10x_tim.o(.text)
    TIM_EncoderInterfaceConfig               0x08001a8b   Thumb Code    66  stm32f10x_tim.o(.text)
    TIM_ForcedOC1Config                      0x08001acd   Thumb Code    18  stm32f10x_tim.o(.text)
    TIM_ForcedOC2Config                      0x08001adf   Thumb Code    26  stm32f10x_tim.o(.text)
    TIM_ForcedOC3Config                      0x08001af9   Thumb Code    18  stm32f10x_tim.o(.text)
    TIM_ForcedOC4Config                      0x08001b0b   Thumb Code    26  stm32f10x_tim.o(.text)
    TIM_ARRPreloadConfig                     0x08001b25   Thumb Code    24  stm32f10x_tim.o(.text)
    TIM_SelectCOM                            0x08001b3d   Thumb Code    24  stm32f10x_tim.o(.text)
    TIM_SelectCCDMA                          0x08001b55   Thumb Code    24  stm32f10x_tim.o(.text)
    TIM_CCPreloadControl                     0x08001b6d   Thumb Code    24  stm32f10x_tim.o(.text)
    TIM_OC1PreloadConfig                     0x08001b85   Thumb Code    18  stm32f10x_tim.o(.text)
    TIM_OC2PreloadConfig                     0x08001b97   Thumb Code    26  stm32f10x_tim.o(.text)
    TIM_OC3PreloadConfig                     0x08001bb1   Thumb Code    18  stm32f10x_tim.o(.text)
    TIM_OC4PreloadConfig                     0x08001bc3   Thumb Code    26  stm32f10x_tim.o(.text)
    TIM_OC1FastConfig                        0x08001bdd   Thumb Code    18  stm32f10x_tim.o(.text)
    TIM_OC2FastConfig                        0x08001bef   Thumb Code    26  stm32f10x_tim.o(.text)
    TIM_OC3FastConfig                        0x08001c09   Thumb Code    18  stm32f10x_tim.o(.text)
    TIM_OC4FastConfig                        0x08001c1b   Thumb Code    26  stm32f10x_tim.o(.text)
    TIM_ClearOC1Ref                          0x08001c35   Thumb Code    18  stm32f10x_tim.o(.text)
    TIM_ClearOC2Ref                          0x08001c47   Thumb Code    24  stm32f10x_tim.o(.text)
    TIM_ClearOC3Ref                          0x08001c5f   Thumb Code    18  stm32f10x_tim.o(.text)
    TIM_ClearOC4Ref                          0x08001c71   Thumb Code    24  stm32f10x_tim.o(.text)
    TIM_OC1PolarityConfig                    0x08001c89   Thumb Code    18  stm32f10x_tim.o(.text)
    TIM_OC1NPolarityConfig                   0x08001c9b   Thumb Code    18  stm32f10x_tim.o(.text)
    TIM_OC2PolarityConfig                    0x08001cad   Thumb Code    26  stm32f10x_tim.o(.text)
    TIM_OC2NPolarityConfig                   0x08001cc7   Thumb Code    26  stm32f10x_tim.o(.text)
    TIM_OC3PolarityConfig                    0x08001ce1   Thumb Code    26  stm32f10x_tim.o(.text)
    TIM_OC3NPolarityConfig                   0x08001cfb   Thumb Code    26  stm32f10x_tim.o(.text)
    TIM_OC4PolarityConfig                    0x08001d15   Thumb Code    26  stm32f10x_tim.o(.text)
    TIM_CCxCmd                               0x08001d2f   Thumb Code    30  stm32f10x_tim.o(.text)
    TIM_CCxNCmd                              0x08001d4d   Thumb Code    30  stm32f10x_tim.o(.text)
    TIM_SelectOCxM                           0x08001d6b   Thumb Code    82  stm32f10x_tim.o(.text)
    TIM_UpdateDisableConfig                  0x08001dbd   Thumb Code    24  stm32f10x_tim.o(.text)
    TIM_UpdateRequestConfig                  0x08001dd5   Thumb Code    24  stm32f10x_tim.o(.text)
    TIM_SelectHallSensor                     0x08001ded   Thumb Code    24  stm32f10x_tim.o(.text)
    TIM_SelectOnePulseMode                   0x08001e05   Thumb Code    18  stm32f10x_tim.o(.text)
    TIM_SelectOutputTrigger                  0x08001e17   Thumb Code    18  stm32f10x_tim.o(.text)
    TIM_SelectSlaveMode                      0x08001e29   Thumb Code    18  stm32f10x_tim.o(.text)
    TIM_SelectMasterSlaveMode                0x08001e3b   Thumb Code    18  stm32f10x_tim.o(.text)
    TIM_SetCounter                           0x08001e4d   Thumb Code     4  stm32f10x_tim.o(.text)
    TIM_SetAutoreload                        0x08001e51   Thumb Code     4  stm32f10x_tim.o(.text)
    TIM_SetCompare1                          0x08001e55   Thumb Code     4  stm32f10x_tim.o(.text)
    TIM_SetCompare2                          0x08001e59   Thumb Code     4  stm32f10x_tim.o(.text)
    TIM_SetCompare3                          0x08001e5d   Thumb Code     4  stm32f10x_tim.o(.text)
    TIM_SetCompare4                          0x08001e61   Thumb Code     6  stm32f10x_tim.o(.text)
    TIM_SetClockDivision                     0x08001e67   Thumb Code    18  stm32f10x_tim.o(.text)
    TIM_GetCapture1                          0x08001e79   Thumb Code     6  stm32f10x_tim.o(.text)
    TIM_GetCapture2                          0x08001e7f   Thumb Code     6  stm32f10x_tim.o(.text)
    TIM_GetCapture3                          0x08001e85   Thumb Code     6  stm32f10x_tim.o(.text)
    TIM_GetCapture4                          0x08001e8b   Thumb Code     8  stm32f10x_tim.o(.text)
    TIM_GetCounter                           0x08001e93   Thumb Code     6  stm32f10x_tim.o(.text)
    TIM_GetPrescaler                         0x08001e99   Thumb Code     6  stm32f10x_tim.o(.text)
    TIM_GetFlagStatus                        0x08001e9f   Thumb Code    18  stm32f10x_tim.o(.text)
    TIM_ClearFlag                            0x08001eb1   Thumb Code     6  stm32f10x_tim.o(.text)
    TIM_GetITStatus                          0x08001eb7   Thumb Code    34  stm32f10x_tim.o(.text)
    TIM_ClearITPendingBit                    0x08001ed9   Thumb Code     6  stm32f10x_tim.o(.text)
    USART_DeInit                             0x08001ee1   Thumb Code   134  stm32f10x_usart.o(.text)
    USART_Init                               0x08001f67   Thumb Code   210  stm32f10x_usart.o(.text)
    USART_StructInit                         0x08002039   Thumb Code    24  stm32f10x_usart.o(.text)
    USART_ClockInit                          0x08002051   Thumb Code    34  stm32f10x_usart.o(.text)
    USART_ClockStructInit                    0x08002073   Thumb Code    12  stm32f10x_usart.o(.text)
    USART_Cmd                                0x0800207f   Thumb Code    24  stm32f10x_usart.o(.text)
    USART_ITConfig                           0x08002097   Thumb Code    74  stm32f10x_usart.o(.text)
    USART_DMACmd                             0x080020e1   Thumb Code    18  stm32f10x_usart.o(.text)
    USART_SetAddress                         0x080020f3   Thumb Code    18  stm32f10x_usart.o(.text)
    USART_WakeUpConfig                       0x08002105   Thumb Code    18  stm32f10x_usart.o(.text)
    USART_ReceiverWakeUpCmd                  0x08002117   Thumb Code    24  stm32f10x_usart.o(.text)
    USART_LINBreakDetectLengthConfig         0x0800212f   Thumb Code    18  stm32f10x_usart.o(.text)
    USART_LINCmd                             0x08002141   Thumb Code    24  stm32f10x_usart.o(.text)
    USART_SendData                           0x08002159   Thumb Code     8  stm32f10x_usart.o(.text)
    USART_ReceiveData                        0x08002161   Thumb Code    10  stm32f10x_usart.o(.text)
    USART_SendBreak                          0x0800216b   Thumb Code    10  stm32f10x_usart.o(.text)
    USART_SetGuardTime                       0x08002175   Thumb Code    16  stm32f10x_usart.o(.text)
    USART_SetPrescaler                       0x08002185   Thumb Code    16  stm32f10x_usart.o(.text)
    USART_SmartCardCmd                       0x08002195   Thumb Code    24  stm32f10x_usart.o(.text)
    USART_SmartCardNACKCmd                   0x080021ad   Thumb Code    24  stm32f10x_usart.o(.text)
    USART_HalfDuplexCmd                      0x080021c5   Thumb Code    24  stm32f10x_usart.o(.text)
    USART_OverSampling8Cmd                   0x080021dd   Thumb Code    22  stm32f10x_usart.o(.text)
    USART_OneBitMethodCmd                    0x080021f3   Thumb Code    24  stm32f10x_usart.o(.text)
    USART_IrDAConfig                         0x0800220b   Thumb Code    18  stm32f10x_usart.o(.text)
    USART_IrDACmd                            0x0800221d   Thumb Code    24  stm32f10x_usart.o(.text)
    USART_GetFlagStatus                      0x08002235   Thumb Code    26  stm32f10x_usart.o(.text)
    USART_ClearFlag                          0x0800224f   Thumb Code    18  stm32f10x_usart.o(.text)
    USART_GetITStatus                        0x08002261   Thumb Code    84  stm32f10x_usart.o(.text)
    USART_ClearITPendingBit                  0x080022b5   Thumb Code    52  stm32f10x_usart.o(.text)
    delay_init                               0x080022e9   Thumb Code    50  delay.o(.text)
    delay_us                                 0x0800231b   Thumb Code    72  delay.o(.text)
    delay_ms                                 0x08002363   Thumb Code    72  delay.o(.text)
    NVIC_Configuration                       0x080023bd   Thumb Code    12  sys.o(.text)
    _sys_exit                                0x080023c9   Thumb Code     6  usart.o(.text)
    fputc                                    0x080023cf   Thumb Code    46  usart.o(.text)
    uart_init                                0x080023fd   Thumb Code   152  usart.o(.text)
    USART1_IRQHandler                        0x08002495   Thumb Code   122  usart.o(.text)
    TIM1_Configuration                       0x08002525   Thumb Code   214  timer.o(.text)
    TIM8_Configuration                       0x080025fb   Thumb Code   198  timer.o(.text)
    TIM2_Configuration                       0x080026c1   Thumb Code    64  timer.o(.text)
    TIM3_Configuration                       0x08002701   Thumb Code   172  timer.o(.text)
    TIM4_Configuration                       0x080027ad   Thumb Code   172  timer.o(.text)
    TIM5_Configuration                       0x08002859   Thumb Code   172  timer.o(.text)
    UserTIM_Configuration                    0x08002905   Thumb Code    80  timer.o(.text)
    UserNVIC_Configuration                   0x08002955   Thumb Code   152  timer.o(.text)
    TIM2_IRQHandler                          0x080029ed   Thumb Code    40  timer.o(.text)
    micros                                   0x08002a15   Thumb Code    10  timer.o(.text)
    resetPID                                 0x08002a25   Thumb Code   104  pid.o(.text)
    setPID                                   0x08002a8d   Thumb Code     2  pid.o(.text)
    setTargetTicks                           0x08002a8f   Thumb Code    52  pid.o(.text)
    doAWheelPID                              0x08002ac3   Thumb Code   154  pid.o(.text)
    doBWheelPID                              0x08002b5d   Thumb Code   154  pid.o(.text)
    doCWheelPID                              0x08002bf7   Thumb Code   154  pid.o(.text)
    updatePID                                0x08002c91   Thumb Code   124  pid.o(.text)
    readPidIn                                0x08002d0d   Thumb Code    30  pid.o(.text)
    readPidOut                               0x08002d2b   Thumb Code    30  pid.o(.text)
    KEY_Configuration                        0x08002da1   Thumb Code    32  gpio.o(.text)
    LED_Configuration                        0x08002dc1   Thumb Code    60  gpio.o(.text)
    motorConfiguration                       0x08002dfd   Thumb Code    40  gpio.o(.text)
    GPIO_Configuration                       0x08002e25   Thumb Code    16  gpio.o(.text)
    uart3_init                               0x08002e41   Thumb Code   158  com_data.o(.text)
    process_adc                              0x08002edf   Thumb Code    80  com_data.o(.text)
    RunCommand                               0x08002f2f   Thumb Code   384  com_data.o(.text)
    process_data                             0x080030af   Thumb Code    58  com_data.o(.text)
    USART3_IRQHandler                        0x080030e9   Thumb Code   128  com_data.o(.text)
    process_data2                            0x08003169   Thumb Code    90  com_data.o(.text)
    resetCommand                             0x080031c3   Thumb Code    28  com_data.o(.text)
    setMotorSpeeds                           0x08003261   Thumb Code   108  motor_and_encoder.o(.text)
    TIM3_IRQHandler                          0x080032cd   Thumb Code    44  motor_and_encoder.o(.text)
    TIM4_IRQHandler                          0x080032f9   Thumb Code    44  motor_and_encoder.o(.text)
    TIM5_IRQHandler                          0x08003325   Thumb Code    44  motor_and_encoder.o(.text)
    resetEncoders                            0x08003351   Thumb Code    16  motor_and_encoder.o(.text)
    readEncoder                              0x08003361   Thumb Code    28  motor_and_encoder.o(.text)
    stepperMotorControl                      0x0800337d   Thumb Code   156  motor_and_encoder.o(.text)
    stepperMotorInit                         0x08003419   Thumb Code    88  motor_and_encoder.o(.text)
    pickingbotForward                        0x080034c5   Thumb Code   524  move.o(.text)
    pickingbotTest                           0x080036d1   Thumb Code   460  move.o(.text)
    pickingbotTest1                          0x0800389d   Thumb Code   476  move.o(.text)
    Adc_Init                                 0x08003a89   Thumb Code   132  adc.o(.text)
    Get_Adc                                  0x08003b0d   Thumb Code    46  adc.o(.text)
    Get_Adc_Average                          0x08003b3b   Thumb Code    46  adc.o(.text)
    __use_no_semihosting                     0x08003b71   Thumb Code     2  use_no_semi_2.o(.text)
    __2printf                                0x08003b75   Thumb Code    20  noretval__2printf.o(.text)
    _printf_int_dec                          0x08003b8d   Thumb Code   104  _printf_dec.o(.text)
    __printf                                 0x08003c05   Thumb Code   184  __printf_ss.o(.text)
    strtol                                   0x08003cbd   Thumb Code   112  strtol.o(.text)
    __use_two_region_memory                  0x08003d2d   Thumb Code     2  heapauxi.o(.text)
    __rt_heap_escrow$2region                 0x08003d2f   Thumb Code     2  heapauxi.o(.text)
    __rt_heap_expand$2region                 0x08003d31   Thumb Code     2  heapauxi.o(.text)
    __I$use$semihosting                      0x08003d33   Thumb Code     0  use_no_semi.o(.text)
    __use_no_semihosting_swi                 0x08003d33   Thumb Code     2  use_no_semi.o(.text)
    __rt_ctype_table                         0x08003d35   Thumb Code    16  rt_ctype_table.o(.text)
    __aeabi_errno_addr                       0x08003d45   Thumb Code     8  rt_errno_addr_intlibspace.o(.text)
    __errno$intlibspace                      0x08003d45   Thumb Code     0  rt_errno_addr_intlibspace.o(.text)
    __rt_errno_addr$intlibspace              0x08003d45   Thumb Code     0  rt_errno_addr_intlibspace.o(.text)
    _printf_int_common                       0x08003d4d   Thumb Code   178  _printf_intcommon.o(.text)
    _printf_char_file                        0x08003e01   Thumb Code    32  _printf_char_file.o(.text)
    _strtoul                                 0x08003e25   Thumb Code   158  _strtoul.o(.text)
    __user_libspace                          0x08003ec5   Thumb Code     8  libspace.o(.text)
    __user_perproc_libspace                  0x08003ec5   Thumb Code     0  libspace.o(.text)
    __user_perthread_libspace                0x08003ec5   Thumb Code     0  libspace.o(.text)
    __rt_locale                              0x08003ecd   Thumb Code     8  rt_locale_intlibspace.o(.text)
    _printf_char_common                      0x08003edf   Thumb Code    32  _printf_char_common.o(.text)
    _chval                                   0x08003f05   Thumb Code    28  _chval.o(.text)
    ferror                                   0x08003f21   Thumb Code     8  ferror.o(.text)
    __user_setup_stackheap                   0x08003f29   Thumb Code    74  sys_stackheap_outer.o(.text)
    exit                                     0x08003f73   Thumb Code    12  exit.o(.text)
    strcmp                                   0x08003f81   Thumb Code   128  strcmpv7m.o(.text)
    _get_lc_ctype                            0x08004001   Thumb Code    44  lc_ctype_c.o(locale$$code)
    __aeabi_dadd                             0x0800402d   Thumb Code     0  daddsub_clz.o(x$fpl$dadd)
    _dadd                                    0x0800402d   Thumb Code   332  daddsub_clz.o(x$fpl$dadd)
    __aeabi_d2iz                             0x0800417d   Thumb Code     0  dfix.o(x$fpl$dfix)
    _dfix                                    0x0800417d   Thumb Code    94  dfix.o(x$fpl$dfix)
    __aeabi_i2d                              0x080041db   Thumb Code     0  dflt_clz.o(x$fpl$dflt)
    _dflt                                    0x080041db   Thumb Code    46  dflt_clz.o(x$fpl$dflt)
    __fpl_dnaninf                            0x08004209   Thumb Code   156  dnaninf.o(x$fpl$dnaninf)
    __fpl_dretinf                            0x080042a5   Thumb Code    12  dretinf.o(x$fpl$dretinf)
    __aeabi_drsub                            0x080042b1   Thumb Code     0  daddsub_clz.o(x$fpl$drsb)
    _drsb                                    0x080042b1   Thumb Code    22  daddsub_clz.o(x$fpl$drsb)
    __aeabi_dsub                             0x080042c9   Thumb Code     0  daddsub_clz.o(x$fpl$dsub)
    _dsub                                    0x080042c9   Thumb Code   464  daddsub_clz.o(x$fpl$dsub)
    Region$$Table$$Base                      0x0800449c   Number         0  anon$$obj.o(Region$$Table)
    __I$use$fp                               0x0800449c   Number         0  usenofp.o(x$fpl$usenofp)
    Region$$Table$$Limit                     0x080044bc   Number         0  anon$$obj.o(Region$$Table)
    __ctype                                  0x080044c9   Data           0  lc_ctype_c.o(locale$$data)
    SystemCoreClock                          0x20000000   Data           4  system_stm32f10x.o(.data)
    AHBPrescTable                            0x20000004   Data          16  system_stm32f10x.o(.data)
    __stdout                                 0x2000002c   Data           4  usart.o(.data)
    USART_RX_STA                             0x20000030   Data           2  usart.o(.data)
    time_micros                              0x20000038   Data           8  timer.o(.data)
    sa                                       0x20000040   Data           4  pid.o(.data)
    sb                                       0x20000044   Data           4  pid.o(.data)
    sc                                       0x20000048   Data           4  pid.o(.data)
    AWheel_Kp                                0x2000004c   Data           4  pid.o(.data)
    AWheel_Kd                                0x20000050   Data           4  pid.o(.data)
    AWheel_Ki                                0x20000054   Data           4  pid.o(.data)
    AWheel_Ko                                0x20000058   Data           4  pid.o(.data)
    BWheel_Kp                                0x2000005c   Data           4  pid.o(.data)
    BWheel_Kd                                0x20000060   Data           4  pid.o(.data)
    BWheel_Ki                                0x20000064   Data           4  pid.o(.data)
    BWheel_Ko                                0x20000068   Data           4  pid.o(.data)
    CWheel_Kp                                0x2000006c   Data           4  pid.o(.data)
    CWheel_Kd                                0x20000070   Data           4  pid.o(.data)
    CWheel_Ki                                0x20000074   Data           4  pid.o(.data)
    CWheel_Ko                                0x20000078   Data           4  pid.o(.data)
    moving                                   0x2000007c   Data           1  pid.o(.data)
    tiaoshi                                  0x20000080   Data           4  com_data.o(.data)
    aa1                                      0x20000084   Data           4  com_data.o(.data)
    aa2                                      0x20000088   Data           4  com_data.o(.data)
    aa3                                      0x2000008c   Data           4  com_data.o(.data)
    r_command                                0x20000090   Data           1  com_data.o(.data)
    arg                                      0x20000094   Data           4  com_data.o(.data)
    my_index                                 0x20000098   Data           4  com_data.o(.data)
    com_flag                                 0x2000009c   Data           1  com_data.o(.data)
    Res                                      0x2000009d   Data           1  com_data.o(.data)
    cmd                                      0x2000009e   Data           1  com_data.o(.data)
    arg1                                     0x200000a0   Data           4  com_data.o(.data)
    arg2                                     0x200000a4   Data           4  com_data.o(.data)
    arg3                                     0x200000a8   Data           4  com_data.o(.data)
    arg11                                    0x200000ac   Data           4  com_data.o(.data)
    arg21                                    0x200000b0   Data           4  com_data.o(.data)
    arg31                                    0x200000b4   Data           4  com_data.o(.data)
    USART3_RX_STA                            0x200000b8   Data           2  com_data.o(.data)
    stepmotorDis                             0x200000bc   Data           4  motor_and_encoder.o(.data)
    A_rcnt                                   0x200000c0   Data           4  motor_and_encoder.o(.data)
    B_rcnt                                   0x200000c4   Data           4  motor_and_encoder.o(.data)
    C_rcnt                                   0x200000c8   Data           4  motor_and_encoder.o(.data)
    ASpeed1                                  0x200000cc   Data           4  motor_and_encoder.o(.data)
    BSpeed1                                  0x200000d0   Data           4  motor_and_encoder.o(.data)
    CSpeed1                                  0x200000d4   Data           4  motor_and_encoder.o(.data)
    USART_RX_BUF                             0x200000d8   Data         200  usart.o(.bss)
    AWheelPID                                0x200001a0   Data          32  pid.o(.bss)
    BWheelPID                                0x200001c0   Data          32  pid.o(.bss)
    CWheelPID                                0x200001e0   Data          32  pid.o(.bss)
    cmd_data                                 0x20000200   Data          20  com_data.o(.bss)
    argv1                                    0x20000214   Data          32  com_data.o(.bss)
    argv2                                    0x20000234   Data          32  com_data.o(.bss)
    argv3                                    0x20000254   Data          32  com_data.o(.bss)
    arg33                                    0x20000274   Data         128  com_data.o(.bss)
    USART3_RX_BUF                            0x200002f4   Data         200  com_data.o(.bss)
    __libspace_start                         0x200003bc   Data          96  libspace.o(.bss)
    __temporary_stack_top$libspace           0x2000041c   Data           0  libspace.o(.bss)



==============================================================================

Memory Map of the image

  Image Entry point : 0x08000131

  Load Region LR_IROM1 (Base: 0x08000000, Size: 0x000046a4, Max: 0x00080000, ABSOLUTE)

    Execution Region ER_IROM1 (Base: 0x08000000, Size: 0x000045cc, Max: 0x00080000, ABSOLUTE)

    Base Addr    Size         Type   Attr      Idx    E Section Name        Object

    0x08000000   0x00000130   Data   RO          148    RESET               startup_stm32f10x_hd.o
    0x08000130   0x00000008   Code   RO          697  * !!!main             c_w.l(__main.o)
    0x08000138   0x00000034   Code   RO          906    !!!scatter          c_w.l(__scatter.o)
    0x0800016c   0x0000001a   Code   RO          908    !!handler_copy      c_w.l(__scatter_copy.o)
    0x08000186   0x00000002   PAD
    0x08000188   0x0000001c   Code   RO          910    !!handler_zi        c_w.l(__scatter_zi.o)
    0x080001a4   0x00000000   Code   RO          692    .ARM.Collect$$_printf_percent$$00000000  c_w.l(_printf_percent.o)
    0x080001a4   0x00000006   Code   RO          691    .ARM.Collect$$_printf_percent$$00000009  c_w.l(_printf_d.o)
    0x080001aa   0x00000004   Code   RO          729    .ARM.Collect$$_printf_percent$$00000017  c_w.l(_printf_percent_end.o)
    0x080001ae   0x00000002   Code   RO          784    .ARM.Collect$$libinit$$00000000  c_w.l(libinit.o)
    0x080001b0   0x00000000   Code   RO          786    .ARM.Collect$$libinit$$00000002  c_w.l(libinit2.o)
    0x080001b0   0x00000000   Code   RO          788    .ARM.Collect$$libinit$$00000004  c_w.l(libinit2.o)
    0x080001b0   0x00000000   Code   RO          791    .ARM.Collect$$libinit$$0000000A  c_w.l(libinit2.o)
    0x080001b0   0x00000000   Code   RO          793    .ARM.Collect$$libinit$$0000000C  c_w.l(libinit2.o)
    0x080001b0   0x00000000   Code   RO          795    .ARM.Collect$$libinit$$0000000E  c_w.l(libinit2.o)
    0x080001b0   0x00000006   Code   RO          796    .ARM.Collect$$libinit$$0000000F  c_w.l(libinit2.o)
    0x080001b6   0x00000000   Code   RO          798    .ARM.Collect$$libinit$$00000011  c_w.l(libinit2.o)
    0x080001b6   0x0000000c   Code   RO          799    .ARM.Collect$$libinit$$00000012  c_w.l(libinit2.o)
    0x080001c2   0x00000000   Code   RO          800    .ARM.Collect$$libinit$$00000013  c_w.l(libinit2.o)
    0x080001c2   0x00000000   Code   RO          802    .ARM.Collect$$libinit$$00000015  c_w.l(libinit2.o)
    0x080001c2   0x00000000   Code   RO          804    .ARM.Collect$$libinit$$00000017  c_w.l(libinit2.o)
    0x080001c2   0x00000000   Code   RO          806    .ARM.Collect$$libinit$$00000019  c_w.l(libinit2.o)
    0x080001c2   0x00000000   Code   RO          808    .ARM.Collect$$libinit$$0000001B  c_w.l(libinit2.o)
    0x080001c2   0x00000000   Code   RO          810    .ARM.Collect$$libinit$$0000001D  c_w.l(libinit2.o)
    0x080001c2   0x00000000   Code   RO          812    .ARM.Collect$$libinit$$0000001F  c_w.l(libinit2.o)
    0x080001c2   0x00000000   Code   RO          814    .ARM.Collect$$libinit$$00000021  c_w.l(libinit2.o)
    0x080001c2   0x00000000   Code   RO          816    .ARM.Collect$$libinit$$00000023  c_w.l(libinit2.o)
    0x080001c2   0x00000000   Code   RO          818    .ARM.Collect$$libinit$$00000025  c_w.l(libinit2.o)
    0x080001c2   0x00000000   Code   RO          822    .ARM.Collect$$libinit$$0000002C  c_w.l(libinit2.o)
    0x080001c2   0x00000000   Code   RO          824    .ARM.Collect$$libinit$$0000002E  c_w.l(libinit2.o)
    0x080001c2   0x00000000   Code   RO          826    .ARM.Collect$$libinit$$00000030  c_w.l(libinit2.o)
    0x080001c2   0x00000000   Code   RO          828    .ARM.Collect$$libinit$$00000032  c_w.l(libinit2.o)
    0x080001c2   0x00000002   Code   RO          829    .ARM.Collect$$libinit$$00000033  c_w.l(libinit2.o)
    0x080001c4   0x00000002   Code   RO          857    .ARM.Collect$$libshutdown$$00000000  c_w.l(libshutdown.o)
    0x080001c6   0x00000000   Code   RO          867    .ARM.Collect$$libshutdown$$00000003  c_w.l(libshutdown2.o)
    0x080001c6   0x00000000   Code   RO          870    .ARM.Collect$$libshutdown$$00000006  c_w.l(libshutdown2.o)
    0x080001c6   0x00000000   Code   RO          873    .ARM.Collect$$libshutdown$$00000009  c_w.l(libshutdown2.o)
    0x080001c6   0x00000000   Code   RO          875    .ARM.Collect$$libshutdown$$0000000B  c_w.l(libshutdown2.o)
    0x080001c6   0x00000000   Code   RO          878    .ARM.Collect$$libshutdown$$0000000E  c_w.l(libshutdown2.o)
    0x080001c6   0x00000002   Code   RO          879    .ARM.Collect$$libshutdown$$0000000F  c_w.l(libshutdown2.o)
    0x080001c8   0x00000000   Code   RO          717    .ARM.Collect$$rtentry$$00000000  c_w.l(__rtentry.o)
    0x080001c8   0x00000000   Code   RO          741    .ARM.Collect$$rtentry$$00000002  c_w.l(__rtentry2.o)
    0x080001c8   0x00000006   Code   RO          753    .ARM.Collect$$rtentry$$00000004  c_w.l(__rtentry4.o)
    0x080001ce   0x00000000   Code   RO          743    .ARM.Collect$$rtentry$$00000009  c_w.l(__rtentry2.o)
    0x080001ce   0x00000004   Code   RO          744    .ARM.Collect$$rtentry$$0000000A  c_w.l(__rtentry2.o)
    0x080001d2   0x00000000   Code   RO          746    .ARM.Collect$$rtentry$$0000000C  c_w.l(__rtentry2.o)
    0x080001d2   0x00000008   Code   RO          747    .ARM.Collect$$rtentry$$0000000D  c_w.l(__rtentry2.o)
    0x080001da   0x00000002   Code   RO          830    .ARM.Collect$$rtexit$$00000000  c_w.l(rtexit.o)
    0x080001dc   0x00000000   Code   RO          837    .ARM.Collect$$rtexit$$00000002  c_w.l(rtexit2.o)
    0x080001dc   0x00000004   Code   RO          838    .ARM.Collect$$rtexit$$00000003  c_w.l(rtexit2.o)
    0x080001e0   0x00000006   Code   RO          839    .ARM.Collect$$rtexit$$00000004  c_w.l(rtexit2.o)
    0x080001e6   0x00000002   PAD
    0x080001e8   0x00000074   Code   RO            1    .text               main.o
    0x0800025c   0x0000001a   Code   RO          102    .text               stm32f10x_it.o
    0x08000276   0x00000002   PAD
    0x08000278   0x000001e0   Code   RO          117    .text               system_stm32f10x.o
    0x08000458   0x00000040   Code   RO          149    .text               startup_stm32f10x_hd.o
    0x08000498   0x000000dc   Code   RO          153    .text               misc.o
    0x08000574   0x0000044e   Code   RO          182    .text               stm32f10x_adc.o
    0x080009c2   0x00000002   PAD
    0x080009c4   0x0000035c   Code   RO          344    .text               stm32f10x_gpio.o
    0x08000d20   0x000003a4   Code   RO          401    .text               stm32f10x_rcc.o
    0x080010c4   0x00000e1a   Code   RO          460    .text               stm32f10x_tim.o
    0x08001ede   0x00000002   PAD
    0x08001ee0   0x00000408   Code   RO          472    .text               stm32f10x_usart.o
    0x080022e8   0x000000d4   Code   RO          499    .text               delay.o
    0x080023bc   0x0000000c   Code   RO          513    .text               sys.o
    0x080023c8   0x0000015c   Code   RO          525    .text               usart.o
    0x08002524   0x00000500   Code   RO          548    .text               timer.o
    0x08002a24   0x0000037c   Code   RO          567    .text               pid.o
    0x08002da0   0x000000a0   Code   RO          588    .text               gpio.o
    0x08002e40   0x00000420   Code   RO          600    .text               com_data.o
    0x08003260   0x00000264   Code   RO          620    .text               motor_and_encoder.o
    0x080034c4   0x000005c4   Code   RO          635    .text               move.o
    0x08003a88   0x000000e8   Code   RO          647    .text               adc.o
    0x08003b70   0x00000002   Code   RO          661    .text               c_w.l(use_no_semi_2.o)
    0x08003b72   0x00000002   PAD
    0x08003b74   0x00000018   Code   RO          665    .text               c_w.l(noretval__2printf.o)
    0x08003b8c   0x00000078   Code   RO          669    .text               c_w.l(_printf_dec.o)
    0x08003c04   0x000000b8   Code   RO          674    .text               c_w.l(__printf_ss.o)
    0x08003cbc   0x00000070   Code   RO          693    .text               c_w.l(strtol.o)
    0x08003d2c   0x00000006   Code   RO          695    .text               c_w.l(heapauxi.o)
    0x08003d32   0x00000002   Code   RO          715    .text               c_w.l(use_no_semi.o)
    0x08003d34   0x00000010   Code   RO          718    .text               c_w.l(rt_ctype_table.o)
    0x08003d44   0x00000008   Code   RO          723    .text               c_w.l(rt_errno_addr_intlibspace.o)
    0x08003d4c   0x000000b2   Code   RO          725    .text               c_w.l(_printf_intcommon.o)
    0x08003dfe   0x00000002   PAD
    0x08003e00   0x00000024   Code   RO          727    .text               c_w.l(_printf_char_file.o)
    0x08003e24   0x0000009e   Code   RO          730    .text               c_w.l(_strtoul.o)
    0x08003ec2   0x00000002   PAD
    0x08003ec4   0x00000008   Code   RO          737    .text               c_w.l(libspace.o)
    0x08003ecc   0x00000008   Code   RO          758    .text               c_w.l(rt_locale_intlibspace.o)
    0x08003ed4   0x00000030   Code   RO          760    .text               c_w.l(_printf_char_common.o)
    0x08003f04   0x0000001c   Code   RO          762    .text               c_w.l(_chval.o)
    0x08003f20   0x00000008   Code   RO          764    .text               c_w.l(ferror.o)
    0x08003f28   0x0000004a   Code   RO          771    .text               c_w.l(sys_stackheap_outer.o)
    0x08003f72   0x0000000c   Code   RO          775    .text               c_w.l(exit.o)
    0x08003f7e   0x00000002   PAD
    0x08003f80   0x00000080   Code   RO          777    .text               c_w.l(strcmpv7m.o)
    0x08004000   0x0000002c   Code   RO          769    locale$$code        c_w.l(lc_ctype_c.o)
    0x0800402c   0x00000150   Code   RO          699    x$fpl$dadd          fz_ws.l(daddsub_clz.o)
    0x0800417c   0x0000005e   Code   RO          705    x$fpl$dfix          fz_ws.l(dfix.o)
    0x080041da   0x0000002e   Code   RO          710    x$fpl$dflt          fz_ws.l(dflt_clz.o)
    0x08004208   0x0000009c   Code   RO          732    x$fpl$dnaninf       fz_ws.l(dnaninf.o)
    0x080042a4   0x0000000c   Code   RO          734    x$fpl$dretinf       fz_ws.l(dretinf.o)
    0x080042b0   0x00000016   Code   RO          700    x$fpl$drsb          fz_ws.l(daddsub_clz.o)
    0x080042c6   0x00000002   PAD
    0x080042c8   0x000001d4   Code   RO          701    x$fpl$dsub          fz_ws.l(daddsub_clz.o)
    0x0800449c   0x00000000   Code   RO          736    x$fpl$usenofp       fz_ws.l(usenofp.o)
    0x0800449c   0x00000020   Data   RO          904    Region$$Table       anon$$obj.o
    0x080044bc   0x00000110   Data   RO          768    locale$$data        c_w.l(lc_ctype_c.o)


    Execution Region RW_IRAM1 (Base: 0x20000000, Size: 0x00000a20, Max: 0x00010000, ABSOLUTE)

    Base Addr    Size         Type   Attr      Idx    E Section Name        Object

    0x20000000   0x00000014   Data   RW          118    .data               system_stm32f10x.o
    0x20000014   0x00000014   Data   RW          402    .data               stm32f10x_rcc.o
    0x20000028   0x00000004   Data   RW          500    .data               delay.o
    0x2000002c   0x00000006   Data   RW          527    .data               usart.o
    0x20000032   0x00000006   PAD
    0x20000038   0x00000008   Data   RW          549    .data               timer.o
    0x20000040   0x0000003d   Data   RW          569    .data               pid.o
    0x2000007d   0x00000003   PAD
    0x20000080   0x0000003a   Data   RW          602    .data               com_data.o
    0x200000ba   0x00000002   PAD
    0x200000bc   0x0000001c   Data   RW          621    .data               motor_and_encoder.o
    0x200000d8   0x000000c8   Zero   RW          526    .bss                usart.o
    0x200001a0   0x00000060   Zero   RW          568    .bss                pid.o
    0x20000200   0x000001bc   Zero   RW          601    .bss                com_data.o
    0x200003bc   0x00000060   Zero   RW          738    .bss                c_w.l(libspace.o)
    0x2000041c   0x00000004   PAD
    0x20000420   0x00000200   Zero   RW          147    HEAP                startup_stm32f10x_hd.o
    0x20000620   0x00000400   Zero   RW          146    STACK               startup_stm32f10x_hd.o


==============================================================================

Image component sizes


      Code (inc. data)   RO Data    RW Data    ZI Data      Debug   Object Name

       232          8          0          0          0       1047   adc.o
      1056        136          0         58        444       3991   com_data.o
         0          0          0          0          0         32   core_cm3.o
       212         18          0          4          0        971   delay.o
       160         12          0          0          0        976   gpio.o
       116         18          0          0          0     251891   main.o
       220         22          0          0          0     206481   misc.o
       612         84          0         28          0       2624   motor_and_encoder.o
      1476         32          0          0          0       2407   move.o
       892         88          0         61         96       3812   pid.o
        64         26        304          0       1536        780   startup_stm32f10x_hd.o
      1102         26          0          0          0      19813   stm32f10x_adc.o
       860         38          0          0          0       5601   stm32f10x_gpio.o
        26          0          0          0          0       1158   stm32f10x_it.o
       932         36          0         20          0       8752   stm32f10x_rcc.o
      3610         88          0          0          0      22084   stm32f10x_tim.o
      1032         22          0          0          0       8324   stm32f10x_usart.o
        12          0          0          0          0        429   sys.o
       480         38          0         20          0       1671   system_stm32f10x.o
      1280         46          0          8          0       3322   timer.o
       348         22          0          6        200       3102   usart.o

    ----------------------------------------------------------------------
     14728        760        336        216       2276     549268   Object Totals
         0          0         32          0          0          0   (incl. Generated)
         6          0          0         11          0          0   (incl. Padding)

    ----------------------------------------------------------------------

      Code (inc. data)   RO Data    RW Data    ZI Data      Debug   Library Member Name

         8          0          0          0          0         68   __main.o
       184          0          0          0          0         84   __printf_ss.o
         0          0          0          0          0          0   __rtentry.o
        12          0          0          0          0          0   __rtentry2.o
         6          0          0          0          0          0   __rtentry4.o
        52          8          0          0          0          0   __scatter.o
        26          0          0          0          0          0   __scatter_copy.o
        28          0          0          0          0          0   __scatter_zi.o
        28          0          0          0          0         68   _chval.o
        48          6          0          0          0         96   _printf_char_common.o
        36          4          0          0          0         80   _printf_char_file.o
         6          0          0          0          0          0   _printf_d.o
       120         16          0          0          0         92   _printf_dec.o
       178          0          0          0          0         88   _printf_intcommon.o
         0          0          0          0          0          0   _printf_percent.o
         4          0          0          0          0          0   _printf_percent_end.o
       158          0          0          0          0         92   _strtoul.o
        12          0          0          0          0         72   exit.o
         8          0          0          0          0         68   ferror.o
         6          0          0          0          0        152   heapauxi.o
        44         10        272          0          0         76   lc_ctype_c.o
         2          0          0          0          0          0   libinit.o
        20          0          0          0          0          0   libinit2.o
         2          0          0          0          0          0   libshutdown.o
         2          0          0          0          0          0   libshutdown2.o
         8          4          0          0         96         68   libspace.o
        24          4          0          0          0         84   noretval__2printf.o
        16          4          0          0          0         76   rt_ctype_table.o
         8          4          0          0          0         68   rt_errno_addr_intlibspace.o
         8          4          0          0          0         68   rt_locale_intlibspace.o
         2          0          0          0          0          0   rtexit.o
        10          0          0          0          0          0   rtexit2.o
       128          0          0          0          0         68   strcmpv7m.o
       112          0          0          0          0         88   strtol.o
        74          0          0          0          0         80   sys_stackheap_outer.o
         2          0          0          0          0         68   use_no_semi.o
         2          0          0          0          0         68   use_no_semi_2.o
       826         16          0          0          0        348   daddsub_clz.o
        94          4          0          0          0         92   dfix.o
        46          0          0          0          0         68   dflt_clz.o
       156          4          0          0          0         92   dnaninf.o
        12          0          0          0          0         68   dretinf.o
         0          0          0          0          0          0   usenofp.o

    ----------------------------------------------------------------------
      2532         88        272          0        100       2440   Library Totals
        14          0          0          0          4          0   (incl. Padding)

    ----------------------------------------------------------------------

      Code (inc. data)   RO Data    RW Data    ZI Data      Debug   Library Name

      1384         64        272          0         96       1772   c_w.l
      1134         24          0          0          0        668   fz_ws.l

    ----------------------------------------------------------------------
      2532         88        272          0        100       2440   Library Totals

    ----------------------------------------------------------------------

==============================================================================


      Code (inc. data)   RO Data    RW Data    ZI Data      Debug   

     17260        848        608        216       2376     548740   Grand Totals
     17260        848        608        216       2376     548740   ELF Image Totals
     17260        848        608        216          0          0   ROM Totals

==============================================================================

    Total RO  Size (Code + RO Data)                17868 (  17.45kB)
    Total RW  Size (RW Data + ZI Data)              2592 (   2.53kB)
    Total ROM Size (Code + RO Data + RW Data)      18084 (  17.66kB)

==============================================================================

